<html>
<body>
<pre>
<h1>礦ision Build Log</h1>
<h2>Project:</h2>
E:\wifi会议系统项目\新唐单片机\nuc123_project\KEIL\nuc123_project.uvproj
Project File Date:  08/23/2016

<h2>Output:</h2>
Build target 'nuc12c_project'
compiling system_NUC123.c...
creating preprocessor file for main.c...
compiling main.c...
compiling clk.c...
compiling gpio.c...
compiling retarget.c...
compiling sys.c...
compiling uart.c...
linking...
nuc123_project.axf: Error: L6218E: Undefined symbol DwinCheckCommand (referred from main.o).
nuc123_project.axf: Error: L6218E: Undefined symbol DwinUSARTInit (referred from main.o).
nuc123_project.axf: Error: L6218E: Undefined symbol dwin_test_display (referred from main.o).
nuc123_project.axf: Not enough information to list image symbols.
nuc123_project.axf: Finished: 1 information, 0 warning and 3 error messages.
Target not created
Build target 'nuc12c_project'
linking...
nuc123_project.axf: Error: L6218E: Undefined symbol DwinCheckCommand (referred from main.o).
nuc123_project.axf: Error: L6218E: Undefined symbol DwinUSARTInit (referred from main.o).
nuc123_project.axf: Error: L6218E: Undefined symbol dwin_test_display (referred from main.o).
nuc123_project.axf: Not enough information to list image symbols.
nuc123_project.axf: Finished: 1 information, 0 warning and 3 error messages.
Target not created
Load "E:\\wifi会议系统项目\\新唐单片机\\nuc123_project\\KEIL\\nuc123_project.AXF" 
_____^
*** error 56: cant open file
Build target 'nuc12c_project'
linking...
nuc123_project.axf: Error: L6218E: Undefined symbol DwinCheckCommand (referred from main.o).
nuc123_project.axf: Error: L6218E: Undefined symbol DwinUSARTInit (referred from main.o).
nuc123_project.axf: Error: L6218E: Undefined symbol dwin_test_display (referred from main.o).
nuc123_project.axf: Not enough information to list image symbols.
nuc123_project.axf: Finished: 1 information, 0 warning and 3 error messages.
Target not created
Build target 'nuc12c_project'
creating preprocessor file for system_NUC123.c...
compiling system_NUC123.c...
assembling startup_NUC123.s...
creating preprocessor file for main.c...
compiling main.c...
creating preprocessor file for clk.c...
compiling clk.c...
creating preprocessor file for gpio.c...
compiling gpio.c...
creating preprocessor file for retarget.c...
compiling retarget.c...
creating preprocessor file for sys.c...
compiling sys.c...
creating preprocessor file for uart.c...
compiling uart.c...
linking...
nuc123_project.axf: Error: L6218E: Undefined symbol DwinCheckCommand (referred from main.o).
nuc123_project.axf: Error: L6218E: Undefined symbol DwinUSARTInit (referred from main.o).
nuc123_project.axf: Error: L6218E: Undefined symbol dwin_test_display (referred from main.o).
nuc123_project.axf: Not enough information to list image symbols.
nuc123_project.axf: Finished: 1 information, 0 warning and 3 error messages.
Target not created
Build target 'nuc12c_project'
creating preprocessor file for dwin.c...
compiling dwin.c...
linking...
Program Size: Code=4748 RO-data=344 RW-data=56 ZI-data=1240  
FromELF: creating hex file...
"nuc123_project.axf" - 0 Error(s), 0 Warning(s).
Load "E:\\wifi会议系统项目\\新唐单片机\\nuc123_project\\KEIL\\nuc123_project.AXF" 
Erase Done.
Programming Done.
Verify OK.
Build target 'nuc12c_project'
creating preprocessor file for main.c...
compiling main.c...
linking...
Program Size: Code=4712 RO-data=344 RW-data=56 ZI-data=1240  
FromELF: creating hex file...
"nuc123_project.axf" - 0 Error(s), 0 Warning(s).
Load "E:\\wifi会议系统项目\\新唐单片机\\nuc123_project\\KEIL\\nuc123_project.AXF" 
Erase Done.
Programming Done.
Verify OK.
