<!doctype html public "-//w3c//dtd html 4.0 transitional//en">
<html><head>
<title>Static Call Graph - [.\nuc123_project.axf]</title></head>
<body><HR>
<H1>Static Call Graph for image .\nuc123_project.axf</H1><HR>
<BR><P>#&#060CALLGRAPH&#062# ARM Linker, 5060750: Last Updated: Sat Jan 30 17:51:51 2021
<BR><P>
<H3>Maximum Stack Usage =        236 bytes + Unknown(Cycles, Untraceable Function Pointers)</H3><H3>
Call chain for Maximum Stack Depth:</H3>
main &rArr; WifiCoreRecvPolling &rArr; HostRecvCheck &rArr; DisplayMicStartTimeStatement &rArr; OLEDDMAShowNumFill &rArr; OLEDDMAShowChar &rArr; OLEDDMAUpdate
<P>
<H3>
Mutually Recursive functions
</H3> <LI><a href="#[1]">NMI_Handler</a>&nbsp;&nbsp;&nbsp;&rArr;&nbsp;&nbsp;&nbsp;<a href="#[1]">NMI_Handler</a><BR>
 <LI><a href="#[3]">SVC_Handler</a>&nbsp;&nbsp;&nbsp;&rArr;&nbsp;&nbsp;&nbsp;<a href="#[3]">SVC_Handler</a><BR>
 <LI><a href="#[4]">PendSV_Handler</a>&nbsp;&nbsp;&nbsp;&rArr;&nbsp;&nbsp;&nbsp;<a href="#[4]">PendSV_Handler</a><BR>
 <LI><a href="#[5]">SysTick_Handler</a>&nbsp;&nbsp;&nbsp;&rArr;&nbsp;&nbsp;&nbsp;<a href="#[5]">SysTick_Handler</a><BR>
 <LI><a href="#[d]">Default_Handler</a>&nbsp;&nbsp;&nbsp;&rArr;&nbsp;&nbsp;&nbsp;<a href="#[d]">Default_Handler</a><BR>
</UL>
<P>
<H3>
Function Pointers
</H3><UL>
 <LI><a href="#[1f]">ACMP_IRQHandler</a> from startup_nuc123.o(.text) referenced from startup_nuc123.o(RESET)
 <LI><a href="#[23]">ADC_IRQHandler</a> from system_adc.o(i.ADC_IRQHandler) referenced from startup_nuc123.o(RESET)
 <LI><a href="#[6]">BOD_IRQHandler</a> from startup_nuc123.o(.text) referenced from startup_nuc123.o(RESET)
 <LI><a href="#[1a]">CAN0_IRQHandler</a> from startup_nuc123.o(.text) referenced from startup_nuc123.o(RESET)
 <LI><a href="#[1b]">CAN1_IRQHandler</a> from startup_nuc123.o(.text) referenced from startup_nuc123.o(RESET)
 <LI><a href="#[d]">Default_Handler</a> from startup_nuc123.o(.text) referenced 2 times from startup_nuc123.o(RESET)
 <LI><a href="#[8]">EINT0_IRQHandler</a> from startup_nuc123.o(.text) referenced from startup_nuc123.o(RESET)
 <LI><a href="#[9]">EINT1_IRQHandler</a> from startup_nuc123.o(.text) referenced from startup_nuc123.o(RESET)
 <LI><a href="#[a]">GPAB_IRQHandler</a> from startup_nuc123.o(.text) referenced from startup_nuc123.o(RESET)
 <LI><a href="#[b]">GPCDF_IRQHandler</a> from startup_nuc123.o(.text) referenced from startup_nuc123.o(RESET)
 <LI><a href="#[29]">HID_ClassRequest</a> from hid_transfer.o(i.HID_ClassRequest) referenced from hid_transfer.o(i.HID_Init)
 <LI><a href="#[2]">HardFault_Handler</a> from retarget.o(.emb_text) referenced from startup_nuc123.o(RESET)
 <LI><a href="#[26]">Hard_Fault_Handler</a> from retarget.o(i.Hard_Fault_Handler) referenced from retarget.o(.emb_text)
 <LI><a href="#[18]">I2C0_IRQHandler</a> from startup_nuc123.o(.text) referenced from startup_nuc123.o(RESET)
 <LI><a href="#[19]">I2C1_IRQHandler</a> from startup_nuc123.o(.text) referenced from startup_nuc123.o(RESET)
 <LI><a href="#[21]">I2S_IRQHandler</a> from startup_nuc123.o(.text) referenced from startup_nuc123.o(RESET)
 <LI><a href="#[1]">NMI_Handler</a> from startup_nuc123.o(.text) referenced from startup_nuc123.o(RESET)
 <LI><a href="#[20]">PDMA_IRQHandler</a> from oled_dma.o(i.PDMA_IRQHandler) referenced from startup_nuc123.o(RESET)
 <LI><a href="#[1e]">PS2_IRQHandler</a> from startup_nuc123.o(.text) referenced from startup_nuc123.o(RESET)
 <LI><a href="#[c]">PWMA_IRQHandler</a> from startup_nuc123.o(.text) referenced from startup_nuc123.o(RESET)
 <LI><a href="#[22]">PWRWU_IRQHandler</a> from startup_nuc123.o(.text) referenced from startup_nuc123.o(RESET)
 <LI><a href="#[4]">PendSV_Handler</a> from startup_nuc123.o(.text) referenced from startup_nuc123.o(RESET)
 <LI><a href="#[24]">RTC_IRQHandler</a> from startup_nuc123.o(.text) referenced from startup_nuc123.o(RESET)
 <LI><a href="#[30]">Reset_Handler</a> from startup_nuc123.o(.text) referenced from startup_nuc123.o(RESET)
 <LI><a href="#[1c]">SC012_IRQHandler</a> from startup_nuc123.o(.text) referenced from startup_nuc123.o(RESET)
 <LI><a href="#[14]">SPI0_IRQHandler</a> from startup_nuc123.o(.text) referenced from startup_nuc123.o(RESET)
 <LI><a href="#[15]">SPI1_IRQHandler</a> from startup_nuc123.o(.text) referenced from startup_nuc123.o(RESET)
 <LI><a href="#[16]">SPI2_IRQHandler</a> from startup_nuc123.o(.text) referenced from startup_nuc123.o(RESET)
 <LI><a href="#[17]">SPI3_IRQHandler</a> from startup_nuc123.o(.text) referenced from startup_nuc123.o(RESET)
 <LI><a href="#[3]">SVC_Handler</a> from startup_nuc123.o(.text) referenced from startup_nuc123.o(RESET)
 <LI><a href="#[5]">SysTick_Handler</a> from startup_nuc123.o(.text) referenced from startup_nuc123.o(RESET)
 <LI><a href="#[27]">SystemInit</a> from system_nuc123.o(i.SystemInit) referenced from startup_nuc123.o(.text)
 <LI><a href="#[e]">TMR0_IRQHandler</a> from system_timer.o(i.TMR0_IRQHandler) referenced from startup_nuc123.o(RESET)
 <LI><a href="#[f]">TMR1_IRQHandler</a> from startup_nuc123.o(.text) referenced from startup_nuc123.o(RESET)
 <LI><a href="#[10]">TMR2_IRQHandler</a> from startup_nuc123.o(.text) referenced from startup_nuc123.o(RESET)
 <LI><a href="#[11]">TMR3_IRQHandler</a> from startup_nuc123.o(.text) referenced from startup_nuc123.o(RESET)
 <LI><a href="#[12]">UART0_IRQHandler</a> from startup_nuc123.o(.text) referenced from startup_nuc123.o(RESET)
 <LI><a href="#[13]">UART1_IRQHandler</a> from wifi_core.o(i.UART1_IRQHandler) referenced from startup_nuc123.o(RESET)
 <LI><a href="#[1d]">USBD_IRQHandler</a> from hid_transfer.o(i.USBD_IRQHandler) referenced from startup_nuc123.o(RESET)
 <LI><a href="#[7]">WDT_IRQHandler</a> from startup_nuc123.o(.text) referenced from startup_nuc123.o(RESET)
 <LI><a href="#[2c]">WM8974_SCK</a> from wm8974.o(i.WM8974_SCK) referenced from wm8974.o(.data)
 <LI><a href="#[2f]">WM8974_SDA_Mode</a> from wm8974.o(i.WM8974_SDA_Mode) referenced from wm8974.o(.data)
 <LI><a href="#[2e]">WM8974_SDI</a> from wm8974.o(i.WM8974_SDI) referenced from wm8974.o(.data)
 <LI><a href="#[2d]">WM8974_SDO</a> from wm8974.o(i.WM8974_SDO) referenced from wm8974.o(.data)
 <LI><a href="#[28]">__main</a> from entry.o(.ARM.Collect$$$$00000000) referenced from startup_nuc123.o(.text)
 <LI><a href="#[2b]">_sputc</a> from printf8.o(i._sputc) referenced from printf8.o(i.__0sprintf$8)
 <LI><a href="#[2a]">fputc</a> from retarget.o(i.fputc) referenced from printf8.o(i.__0printf$8)
 <LI><a href="#[25]">main</a> from main.o(i.main) referenced from entry9a.o(.ARM.Collect$$$$0000000B)
</UL>
<P>
<H3>
Global Symbols
</H3>
<P><STRONG><a name="[28]"></a>__main</STRONG> (Thumb, 0 bytes, Stack size unknown bytes, entry.o(.ARM.Collect$$$$00000000))
<BR>[Address Reference Count : 1]<UL><LI> startup_nuc123.o(.text)
</UL>
<P><STRONG><a name="[cf]"></a>_main_stk</STRONG> (Thumb, 0 bytes, Stack size unknown bytes, entry2.o(.ARM.Collect$$$$00000001))

<P><STRONG><a name="[31]"></a>_main_scatterload</STRONG> (Thumb, 0 bytes, Stack size unknown bytes, entry5.o(.ARM.Collect$$$$00000004))
<BR><BR>[Calls]<UL><LI><a href="#[32]">&gt;&gt;</a>&nbsp;&nbsp;&nbsp;__scatterload
</UL>

<P><STRONG><a name="[3b]"></a>__main_after_scatterload</STRONG> (Thumb, 0 bytes, Stack size unknown bytes, entry5.o(.ARM.Collect$$$$00000004))
<BR><BR>[Called By]<UL><LI><a href="#[32]">&gt;&gt;</a>&nbsp;&nbsp;&nbsp;__scatterload
</UL>

<P><STRONG><a name="[d0]"></a>_main_clock</STRONG> (Thumb, 0 bytes, Stack size unknown bytes, entry7b.o(.ARM.Collect$$$$00000008))

<P><STRONG><a name="[d1]"></a>_main_cpp_init</STRONG> (Thumb, 0 bytes, Stack size unknown bytes, entry8b.o(.ARM.Collect$$$$0000000A))

<P><STRONG><a name="[d2]"></a>_main_init</STRONG> (Thumb, 0 bytes, Stack size unknown bytes, entry9a.o(.ARM.Collect$$$$0000000B))

<P><STRONG><a name="[d3]"></a>__rt_final_cpp</STRONG> (Thumb, 0 bytes, Stack size unknown bytes, entry10a.o(.ARM.Collect$$$$0000000D))

<P><STRONG><a name="[d4]"></a>__rt_final_exit</STRONG> (Thumb, 0 bytes, Stack size unknown bytes, entry11a.o(.ARM.Collect$$$$0000000F))

<P><STRONG><a name="[2]"></a>HardFault_Handler</STRONG> (Thumb, 24 bytes, Stack size 0 bytes, retarget.o(.emb_text))
<BR>[Address Reference Count : 1]<UL><LI> startup_nuc123.o(RESET)
</UL>
<P><STRONG><a name="[30]"></a>Reset_Handler</STRONG> (Thumb, 32 bytes, Stack size 0 bytes, startup_nuc123.o(.text))

<P><STRONG><a name="[1]"></a>NMI_Handler</STRONG> (Thumb, 2 bytes, Stack size 0 bytes, startup_nuc123.o(.text))
<BR><BR>[Calls]<UL><LI><a href="#[1]">&gt;&gt;</a>&nbsp;&nbsp;&nbsp;NMI_Handler
</UL>
<BR>[Called By]<UL><LI><a href="#[1]">&gt;&gt;</a>&nbsp;&nbsp;&nbsp;NMI_Handler
</UL>
<BR>[Address Reference Count : 1]<UL><LI> startup_nuc123.o(RESET)
</UL>
<P><STRONG><a name="[3]"></a>SVC_Handler</STRONG> (Thumb, 2 bytes, Stack size 0 bytes, startup_nuc123.o(.text))
<BR><BR>[Calls]<UL><LI><a href="#[3]">&gt;&gt;</a>&nbsp;&nbsp;&nbsp;SVC_Handler
</UL>
<BR>[Called By]<UL><LI><a href="#[3]">&gt;&gt;</a>&nbsp;&nbsp;&nbsp;SVC_Handler
</UL>
<BR>[Address Reference Count : 1]<UL><LI> startup_nuc123.o(RESET)
</UL>
<P><STRONG><a name="[4]"></a>PendSV_Handler</STRONG> (Thumb, 2 bytes, Stack size 0 bytes, startup_nuc123.o(.text))
<BR><BR>[Calls]<UL><LI><a href="#[4]">&gt;&gt;</a>&nbsp;&nbsp;&nbsp;PendSV_Handler
</UL>
<BR>[Called By]<UL><LI><a href="#[4]">&gt;&gt;</a>&nbsp;&nbsp;&nbsp;PendSV_Handler
</UL>
<BR>[Address Reference Count : 1]<UL><LI> startup_nuc123.o(RESET)
</UL>
<P><STRONG><a name="[5]"></a>SysTick_Handler</STRONG> (Thumb, 2 bytes, Stack size 0 bytes, startup_nuc123.o(.text))
<BR><BR>[Calls]<UL><LI><a href="#[5]">&gt;&gt;</a>&nbsp;&nbsp;&nbsp;SysTick_Handler
</UL>
<BR>[Called By]<UL><LI><a href="#[5]">&gt;&gt;</a>&nbsp;&nbsp;&nbsp;SysTick_Handler
</UL>
<BR>[Address Reference Count : 1]<UL><LI> startup_nuc123.o(RESET)
</UL>
<P><STRONG><a name="[1f]"></a>ACMP_IRQHandler</STRONG> (Thumb, 0 bytes, Stack size 0 bytes, startup_nuc123.o(.text))
<BR>[Address Reference Count : 1]<UL><LI> startup_nuc123.o(RESET)
</UL>
<P><STRONG><a name="[6]"></a>BOD_IRQHandler</STRONG> (Thumb, 0 bytes, Stack size 0 bytes, startup_nuc123.o(.text))
<BR>[Address Reference Count : 1]<UL><LI> startup_nuc123.o(RESET)
</UL>
<P><STRONG><a name="[1a]"></a>CAN0_IRQHandler</STRONG> (Thumb, 0 bytes, Stack size 0 bytes, startup_nuc123.o(.text))
<BR>[Address Reference Count : 1]<UL><LI> startup_nuc123.o(RESET)
</UL>
<P><STRONG><a name="[1b]"></a>CAN1_IRQHandler</STRONG> (Thumb, 0 bytes, Stack size 0 bytes, startup_nuc123.o(.text))
<BR>[Address Reference Count : 1]<UL><LI> startup_nuc123.o(RESET)
</UL>
<P><STRONG><a name="[8]"></a>EINT0_IRQHandler</STRONG> (Thumb, 0 bytes, Stack size 0 bytes, startup_nuc123.o(.text))
<BR>[Address Reference Count : 1]<UL><LI> startup_nuc123.o(RESET)
</UL>
<P><STRONG><a name="[9]"></a>EINT1_IRQHandler</STRONG> (Thumb, 0 bytes, Stack size 0 bytes, startup_nuc123.o(.text))
<BR>[Address Reference Count : 1]<UL><LI> startup_nuc123.o(RESET)
</UL>
<P><STRONG><a name="[a]"></a>GPAB_IRQHandler</STRONG> (Thumb, 0 bytes, Stack size 0 bytes, startup_nuc123.o(.text))
<BR>[Address Reference Count : 1]<UL><LI> startup_nuc123.o(RESET)
</UL>
<P><STRONG><a name="[b]"></a>GPCDF_IRQHandler</STRONG> (Thumb, 0 bytes, Stack size 0 bytes, startup_nuc123.o(.text))
<BR>[Address Reference Count : 1]<UL><LI> startup_nuc123.o(RESET)
</UL>
<P><STRONG><a name="[18]"></a>I2C0_IRQHandler</STRONG> (Thumb, 0 bytes, Stack size 0 bytes, startup_nuc123.o(.text))
<BR>[Address Reference Count : 1]<UL><LI> startup_nuc123.o(RESET)
</UL>
<P><STRONG><a name="[19]"></a>I2C1_IRQHandler</STRONG> (Thumb, 0 bytes, Stack size 0 bytes, startup_nuc123.o(.text))
<BR>[Address Reference Count : 1]<UL><LI> startup_nuc123.o(RESET)
</UL>
<P><STRONG><a name="[21]"></a>I2S_IRQHandler</STRONG> (Thumb, 0 bytes, Stack size 0 bytes, startup_nuc123.o(.text))
<BR>[Address Reference Count : 1]<UL><LI> startup_nuc123.o(RESET)
</UL>
<P><STRONG><a name="[1e]"></a>PS2_IRQHandler</STRONG> (Thumb, 0 bytes, Stack size 0 bytes, startup_nuc123.o(.text))
<BR>[Address Reference Count : 1]<UL><LI> startup_nuc123.o(RESET)
</UL>
<P><STRONG><a name="[c]"></a>PWMA_IRQHandler</STRONG> (Thumb, 0 bytes, Stack size 0 bytes, startup_nuc123.o(.text))
<BR>[Address Reference Count : 1]<UL><LI> startup_nuc123.o(RESET)
</UL>
<P><STRONG><a name="[22]"></a>PWRWU_IRQHandler</STRONG> (Thumb, 0 bytes, Stack size 0 bytes, startup_nuc123.o(.text))
<BR>[Address Reference Count : 1]<UL><LI> startup_nuc123.o(RESET)
</UL>
<P><STRONG><a name="[24]"></a>RTC_IRQHandler</STRONG> (Thumb, 0 bytes, Stack size 0 bytes, startup_nuc123.o(.text))
<BR>[Address Reference Count : 1]<UL><LI> startup_nuc123.o(RESET)
</UL>
<P><STRONG><a name="[1c]"></a>SC012_IRQHandler</STRONG> (Thumb, 0 bytes, Stack size 0 bytes, startup_nuc123.o(.text))
<BR>[Address Reference Count : 1]<UL><LI> startup_nuc123.o(RESET)
</UL>
<P><STRONG><a name="[14]"></a>SPI0_IRQHandler</STRONG> (Thumb, 0 bytes, Stack size 0 bytes, startup_nuc123.o(.text))
<BR>[Address Reference Count : 1]<UL><LI> startup_nuc123.o(RESET)
</UL>
<P><STRONG><a name="[15]"></a>SPI1_IRQHandler</STRONG> (Thumb, 0 bytes, Stack size 0 bytes, startup_nuc123.o(.text))
<BR>[Address Reference Count : 1]<UL><LI> startup_nuc123.o(RESET)
</UL>
<P><STRONG><a name="[16]"></a>SPI2_IRQHandler</STRONG> (Thumb, 0 bytes, Stack size 0 bytes, startup_nuc123.o(.text))
<BR>[Address Reference Count : 1]<UL><LI> startup_nuc123.o(RESET)
</UL>
<P><STRONG><a name="[17]"></a>SPI3_IRQHandler</STRONG> (Thumb, 0 bytes, Stack size 0 bytes, startup_nuc123.o(.text))
<BR>[Address Reference Count : 1]<UL><LI> startup_nuc123.o(RESET)
</UL>
<P><STRONG><a name="[f]"></a>TMR1_IRQHandler</STRONG> (Thumb, 0 bytes, Stack size 0 bytes, startup_nuc123.o(.text))
<BR>[Address Reference Count : 1]<UL><LI> startup_nuc123.o(RESET)
</UL>
<P><STRONG><a name="[10]"></a>TMR2_IRQHandler</STRONG> (Thumb, 0 bytes, Stack size 0 bytes, startup_nuc123.o(.text))
<BR>[Address Reference Count : 1]<UL><LI> startup_nuc123.o(RESET)
</UL>
<P><STRONG><a name="[11]"></a>TMR3_IRQHandler</STRONG> (Thumb, 0 bytes, Stack size 0 bytes, startup_nuc123.o(.text))
<BR>[Address Reference Count : 1]<UL><LI> startup_nuc123.o(RESET)
</UL>
<P><STRONG><a name="[12]"></a>UART0_IRQHandler</STRONG> (Thumb, 0 bytes, Stack size 0 bytes, startup_nuc123.o(.text))
<BR>[Address Reference Count : 1]<UL><LI> startup_nuc123.o(RESET)
</UL>
<P><STRONG><a name="[7]"></a>WDT_IRQHandler</STRONG> (Thumb, 0 bytes, Stack size 0 bytes, startup_nuc123.o(.text))
<BR>[Address Reference Count : 1]<UL><LI> startup_nuc123.o(RESET)
</UL>
<P><STRONG><a name="[d5]"></a>__aeabi_uidiv</STRONG> (Thumb, 0 bytes, Stack size 12 bytes, uidiv.o(.text), UNUSED)

<P><STRONG><a name="[34]"></a>__aeabi_uidivmod</STRONG> (Thumb, 44 bytes, Stack size 12 bytes, uidiv.o(.text))
<BR><BR>[Stack]<UL><LI>Max Depth = 12<LI>Call Chain = __aeabi_uidivmod
</UL>
<BR>[Called By]<UL><LI><a href="#[59]">&gt;&gt;</a>&nbsp;&nbsp;&nbsp;OLEDDMAShowNumFill
<LI><a href="#[88]">&gt;&gt;</a>&nbsp;&nbsp;&nbsp;MicStatementPolling
<LI><a href="#[40]">&gt;&gt;</a>&nbsp;&nbsp;&nbsp;SystemCoreClockUpdate
<LI><a href="#[41]">&gt;&gt;</a>&nbsp;&nbsp;&nbsp;CLK_GetPLLClockFreq
<LI><a href="#[3c]">&gt;&gt;</a>&nbsp;&nbsp;&nbsp;CLK_EnablePLL
<LI><a href="#[3e]">&gt;&gt;</a>&nbsp;&nbsp;&nbsp;CLK_GetPLLClockFreq
<LI><a href="#[9a]">&gt;&gt;</a>&nbsp;&nbsp;&nbsp;SPI_Open
<LI><a href="#[b6]">&gt;&gt;</a>&nbsp;&nbsp;&nbsp;UART_Open
<LI><a href="#[58]">&gt;&gt;</a>&nbsp;&nbsp;&nbsp;DisplayMicStartTimeStatement
<LI><a href="#[5b]">&gt;&gt;</a>&nbsp;&nbsp;&nbsp;DisplayRestoreMeetingMode
<LI><a href="#[33]">&gt;&gt;</a>&nbsp;&nbsp;&nbsp;__aeabi_idivmod
<LI><a href="#[43]">&gt;&gt;</a>&nbsp;&nbsp;&nbsp;CLK_GetPLLClockFreq
<LI><a href="#[42]">&gt;&gt;</a>&nbsp;&nbsp;&nbsp;CLK_GetPLLClockFreq
</UL>

<P><STRONG><a name="[d6]"></a>__aeabi_idiv</STRONG> (Thumb, 0 bytes, Stack size 16 bytes, idiv.o(.text), UNUSED)

<P><STRONG><a name="[33]"></a>__aeabi_idivmod</STRONG> (Thumb, 40 bytes, Stack size 16 bytes, idiv.o(.text))
<BR><BR>[Stack]<UL><LI>Max Depth = 28<LI>Call Chain = __aeabi_idivmod &rArr; __aeabi_uidivmod
</UL>
<BR>[Calls]<UL><LI><a href="#[34]">&gt;&gt;</a>&nbsp;&nbsp;&nbsp;__aeabi_uidivmod
</UL>
<BR>[Called By]<UL><LI><a href="#[61]">&gt;&gt;</a>&nbsp;&nbsp;&nbsp;DisplayStartupFlash
<LI><a href="#[79]">&gt;&gt;</a>&nbsp;&nbsp;&nbsp;HostRecvCheck
</UL>

<P><STRONG><a name="[7f]"></a>__aeabi_memcpy</STRONG> (Thumb, 36 bytes, Stack size 0 bytes, memcpya.o(.text))
<BR><BR>[Called By]<UL><LI><a href="#[c2]">&gt;&gt;</a>&nbsp;&nbsp;&nbsp;WifiCoreRecvPolling
<LI><a href="#[c0]">&gt;&gt;</a>&nbsp;&nbsp;&nbsp;UsbRecvPolling
<LI><a href="#[aa]">&gt;&gt;</a>&nbsp;&nbsp;&nbsp;SystemGlobalInit
<LI><a href="#[79]">&gt;&gt;</a>&nbsp;&nbsp;&nbsp;HostRecvCheck
<LI><a href="#[c1]">&gt;&gt;</a>&nbsp;&nbsp;&nbsp;UsbStringCompare
</UL>

<P><STRONG><a name="[d7]"></a>__aeabi_memcpy4</STRONG> (Thumb, 0 bytes, Stack size 0 bytes, memcpya.o(.text), UNUSED)

<P><STRONG><a name="[d8]"></a>__aeabi_memcpy8</STRONG> (Thumb, 0 bytes, Stack size 0 bytes, memcpya.o(.text), UNUSED)

<P><STRONG><a name="[36]"></a>__aeabi_memset</STRONG> (Thumb, 14 bytes, Stack size 0 bytes, memseta.o(.text))
<BR><BR>[Called By]<UL><LI><a href="#[aa]">&gt;&gt;</a>&nbsp;&nbsp;&nbsp;SystemGlobalInit
<LI><a href="#[79]">&gt;&gt;</a>&nbsp;&nbsp;&nbsp;HostRecvCheck
<LI><a href="#[62]">&gt;&gt;</a>&nbsp;&nbsp;&nbsp;OLEDDMAClearPic
<LI><a href="#[37]">&gt;&gt;</a>&nbsp;&nbsp;&nbsp;_memset$wrapper
<LI><a href="#[35]">&gt;&gt;</a>&nbsp;&nbsp;&nbsp;__aeabi_memclr
</UL>

<P><STRONG><a name="[d9]"></a>__aeabi_memset4</STRONG> (Thumb, 0 bytes, Stack size 0 bytes, memseta.o(.text), UNUSED)

<P><STRONG><a name="[da]"></a>__aeabi_memset8</STRONG> (Thumb, 0 bytes, Stack size 0 bytes, memseta.o(.text), UNUSED)

<P><STRONG><a name="[35]"></a>__aeabi_memclr</STRONG> (Thumb, 4 bytes, Stack size 0 bytes, memseta.o(.text), UNUSED)
<BR><BR>[Calls]<UL><LI><a href="#[36]">&gt;&gt;</a>&nbsp;&nbsp;&nbsp;__aeabi_memset
</UL>

<P><STRONG><a name="[8f]"></a>__aeabi_memclr4</STRONG> (Thumb, 0 bytes, Stack size 0 bytes, memseta.o(.text))
<BR><BR>[Called By]<UL><LI><a href="#[62]">&gt;&gt;</a>&nbsp;&nbsp;&nbsp;OLEDDMAClearPic
</UL>

<P><STRONG><a name="[db]"></a>__aeabi_memclr8</STRONG> (Thumb, 0 bytes, Stack size 0 bytes, memseta.o(.text), UNUSED)

<P><STRONG><a name="[37]"></a>_memset$wrapper</STRONG> (Thumb, 18 bytes, Stack size 8 bytes, memseta.o(.text), UNUSED)
<BR><BR>[Calls]<UL><LI><a href="#[36]">&gt;&gt;</a>&nbsp;&nbsp;&nbsp;__aeabi_memset
</UL>

<P><STRONG><a name="[38]"></a>__aeabi_uldivmod</STRONG> (Thumb, 96 bytes, Stack size 48 bytes, uldiv.o(.text), UNUSED)
<BR><BR>[Calls]<UL><LI><a href="#[3a]">&gt;&gt;</a>&nbsp;&nbsp;&nbsp;__aeabi_llsl
<LI><a href="#[39]">&gt;&gt;</a>&nbsp;&nbsp;&nbsp;__aeabi_llsr
</UL>
<BR>[Called By]<UL><LI><a href="#[c8]">&gt;&gt;</a>&nbsp;&nbsp;&nbsp;_printf_core
</UL>

<P><STRONG><a name="[39]"></a>__aeabi_llsr</STRONG> (Thumb, 34 bytes, Stack size 8 bytes, llushr.o(.text), UNUSED)
<BR><BR>[Called By]<UL><LI><a href="#[38]">&gt;&gt;</a>&nbsp;&nbsp;&nbsp;__aeabi_uldivmod
</UL>

<P><STRONG><a name="[dc]"></a>_ll_ushift_r</STRONG> (Thumb, 0 bytes, Stack size 8 bytes, llushr.o(.text), UNUSED)

<P><STRONG><a name="[32]"></a>__scatterload</STRONG> (Thumb, 28 bytes, Stack size 0 bytes, init.o(.text))
<BR><BR>[Calls]<UL><LI><a href="#[3b]">&gt;&gt;</a>&nbsp;&nbsp;&nbsp;__main_after_scatterload
</UL>
<BR>[Called By]<UL><LI><a href="#[31]">&gt;&gt;</a>&nbsp;&nbsp;&nbsp;_main_scatterload
</UL>

<P><STRONG><a name="[dd]"></a>__scatterload_rt2</STRONG> (Thumb, 0 bytes, Stack size 0 bytes, init.o(.text), UNUSED)

<P><STRONG><a name="[3a]"></a>__aeabi_llsl</STRONG> (Thumb, 32 bytes, Stack size 8 bytes, llshl.o(.text), UNUSED)
<BR><BR>[Called By]<UL><LI><a href="#[38]">&gt;&gt;</a>&nbsp;&nbsp;&nbsp;__aeabi_uldivmod
</UL>

<P><STRONG><a name="[de]"></a>_ll_shift_l</STRONG> (Thumb, 0 bytes, Stack size 8 bytes, llshl.o(.text), UNUSED)

<P><STRONG><a name="[23]"></a>ADC_IRQHandler</STRONG> (Thumb, 80 bytes, Stack size 0 bytes, system_adc.o(i.ADC_IRQHandler))
<BR>[Address Reference Count : 1]<UL><LI> startup_nuc123.o(RESET)
</UL>
<P><STRONG><a name="[ae]"></a>AdcBubbleSort</STRONG> (Thumb, 78 bytes, Stack size 16 bytes, system_adc.o(i.AdcBubbleSort))
<BR><BR>[Stack]<UL><LI>Max Depth = 16<LI>Call Chain = AdcBubbleSort
</UL>
<BR>[Called By]<UL><LI><a href="#[ad]">&gt;&gt;</a>&nbsp;&nbsp;&nbsp;SystemReadAdcPolling
</UL>

<P><STRONG><a name="[a5]"></a>AdcNopRuning</STRONG> (Thumb, 54 bytes, Stack size 0 bytes, system_adc.o(i.AdcNopRuning))
<BR><BR>[Called By]<UL><LI><a href="#[a4]">&gt;&gt;</a>&nbsp;&nbsp;&nbsp;SystemAdcInit
</UL>

<P><STRONG><a name="[af]"></a>Battery_conver</STRONG> (Thumb, 44 bytes, Stack size 0 bytes, system_adc.o(i.Battery_conver))
<BR><BR>[Called By]<UL><LI><a href="#[ad]">&gt;&gt;</a>&nbsp;&nbsp;&nbsp;SystemReadAdcPolling
</UL>

<P><STRONG><a name="[6a]"></a>CLK_EnableModuleClock</STRONG> (Thumb, 32 bytes, Stack size 0 bytes, clk.o(i.CLK_EnableModuleClock))
<BR><BR>[Called By]<UL><LI><a href="#[c3]">&gt;&gt;</a>&nbsp;&nbsp;&nbsp;WifiCoreUSARTInit
<LI><a href="#[a4]">&gt;&gt;</a>&nbsp;&nbsp;&nbsp;SystemAdcInit
<LI><a href="#[98]">&gt;&gt;</a>&nbsp;&nbsp;&nbsp;OLEDSpiInit
<LI><a href="#[69]">&gt;&gt;</a>&nbsp;&nbsp;&nbsp;HID_Init
</UL>

<P><STRONG><a name="[3c]"></a>CLK_EnablePLL</STRONG> (Thumb, 342 bytes, Stack size 64 bytes, clk.o(i.CLK_EnablePLL))
<BR><BR>[Stack]<UL><LI>Max Depth = 108<LI>Call Chain = CLK_EnablePLL &rArr; CLK_GetPLLClockFreq &rArr; __aeabi_uidivmod
</UL>
<BR>[Calls]<UL><LI><a href="#[3d]">&gt;&gt;</a>&nbsp;&nbsp;&nbsp;CLK_WaitClockReady
<LI><a href="#[3e]">&gt;&gt;</a>&nbsp;&nbsp;&nbsp;CLK_GetPLLClockFreq
<LI><a href="#[34]">&gt;&gt;</a>&nbsp;&nbsp;&nbsp;__aeabi_uidivmod
</UL>
<BR>[Called By]<UL><LI><a href="#[44]">&gt;&gt;</a>&nbsp;&nbsp;&nbsp;CLK_SetCoreClock
</UL>

<P><STRONG><a name="[a7]"></a>CLK_EnableXtalRC</STRONG> (Thumb, 12 bytes, Stack size 0 bytes, clk.o(i.CLK_EnableXtalRC))
<BR><BR>[Called By]<UL><LI><a href="#[a6]">&gt;&gt;</a>&nbsp;&nbsp;&nbsp;SystemClockInit
</UL>

<P><STRONG><a name="[3f]"></a>CLK_GetHCLKFreq</STRONG> (Thumb, 12 bytes, Stack size 8 bytes, clk.o(i.CLK_GetHCLKFreq))
<BR><BR>[Stack]<UL><LI>Max Depth = 68<LI>Call Chain = CLK_GetHCLKFreq &rArr; SystemCoreClockUpdate &rArr; CLK_GetPLLClockFreq &rArr; __aeabi_uidivmod
</UL>
<BR>[Calls]<UL><LI><a href="#[40]">&gt;&gt;</a>&nbsp;&nbsp;&nbsp;SystemCoreClockUpdate
</UL>
<BR>[Called By]<UL><LI><a href="#[9a]">&gt;&gt;</a>&nbsp;&nbsp;&nbsp;SPI_Open
</UL>

<P><STRONG><a name="[44]"></a>CLK_SetCoreClock</STRONG> (Thumb, 144 bytes, Stack size 16 bytes, clk.o(i.CLK_SetCoreClock))
<BR><BR>[Stack]<UL><LI>Max Depth = 124<LI>Call Chain = CLK_SetCoreClock &rArr; CLK_EnablePLL &rArr; CLK_GetPLLClockFreq &rArr; __aeabi_uidivmod
</UL>
<BR>[Calls]<UL><LI><a href="#[3d]">&gt;&gt;</a>&nbsp;&nbsp;&nbsp;CLK_WaitClockReady
<LI><a href="#[45]">&gt;&gt;</a>&nbsp;&nbsp;&nbsp;CLK_SetHCLK
<LI><a href="#[3c]">&gt;&gt;</a>&nbsp;&nbsp;&nbsp;CLK_EnablePLL
</UL>
<BR>[Called By]<UL><LI><a href="#[a6]">&gt;&gt;</a>&nbsp;&nbsp;&nbsp;SystemClockInit
</UL>

<P><STRONG><a name="[45]"></a>CLK_SetHCLK</STRONG> (Thumb, 92 bytes, Stack size 16 bytes, clk.o(i.CLK_SetHCLK))
<BR><BR>[Stack]<UL><LI>Max Depth = 76<LI>Call Chain = CLK_SetHCLK &rArr; SystemCoreClockUpdate &rArr; CLK_GetPLLClockFreq &rArr; __aeabi_uidivmod
</UL>
<BR>[Calls]<UL><LI><a href="#[3d]">&gt;&gt;</a>&nbsp;&nbsp;&nbsp;CLK_WaitClockReady
<LI><a href="#[40]">&gt;&gt;</a>&nbsp;&nbsp;&nbsp;SystemCoreClockUpdate
</UL>
<BR>[Called By]<UL><LI><a href="#[44]">&gt;&gt;</a>&nbsp;&nbsp;&nbsp;CLK_SetCoreClock
<LI><a href="#[a6]">&gt;&gt;</a>&nbsp;&nbsp;&nbsp;SystemClockInit
</UL>

<P><STRONG><a name="[6b]"></a>CLK_SetModuleClock</STRONG> (Thumb, 158 bytes, Stack size 32 bytes, clk.o(i.CLK_SetModuleClock))
<BR><BR>[Stack]<UL><LI>Max Depth = 32<LI>Call Chain = CLK_SetModuleClock
</UL>
<BR>[Called By]<UL><LI><a href="#[c3]">&gt;&gt;</a>&nbsp;&nbsp;&nbsp;WifiCoreUSARTInit
<LI><a href="#[a4]">&gt;&gt;</a>&nbsp;&nbsp;&nbsp;SystemAdcInit
<LI><a href="#[98]">&gt;&gt;</a>&nbsp;&nbsp;&nbsp;OLEDSpiInit
<LI><a href="#[69]">&gt;&gt;</a>&nbsp;&nbsp;&nbsp;HID_Init
</UL>

<P><STRONG><a name="[a8]"></a>CLK_SetSysTickClockSrc</STRONG> (Thumb, 16 bytes, Stack size 0 bytes, clk.o(i.CLK_SetSysTickClockSrc))
<BR><BR>[Called By]<UL><LI><a href="#[a6]">&gt;&gt;</a>&nbsp;&nbsp;&nbsp;SystemClockInit
</UL>

<P><STRONG><a name="[3d]"></a>CLK_WaitClockReady</STRONG> (Thumb, 32 bytes, Stack size 0 bytes, clk.o(i.CLK_WaitClockReady))
<BR><BR>[Called By]<UL><LI><a href="#[45]">&gt;&gt;</a>&nbsp;&nbsp;&nbsp;CLK_SetHCLK
<LI><a href="#[44]">&gt;&gt;</a>&nbsp;&nbsp;&nbsp;CLK_SetCoreClock
<LI><a href="#[a6]">&gt;&gt;</a>&nbsp;&nbsp;&nbsp;SystemClockInit
<LI><a href="#[3c]">&gt;&gt;</a>&nbsp;&nbsp;&nbsp;CLK_EnablePLL
</UL>

<P><STRONG><a name="[46]"></a>ClearMICFullstate</STRONG> (Thumb, 114 bytes, Stack size 8 bytes, main.o(i.ClearMICFullstate))
<BR><BR>[Stack]<UL><LI>Max Depth = 72<LI>Call Chain = ClearMICFullstate &rArr; OLEDDMAShowStr &rArr; OLEDDMAShowChar &rArr; OLEDDMAUpdate
</UL>
<BR>[Calls]<UL><LI><a href="#[49]">&gt;&gt;</a>&nbsp;&nbsp;&nbsp;OLEDDMAShowStr
<LI><a href="#[4a]">&gt;&gt;</a>&nbsp;&nbsp;&nbsp;OLEDDMAShowPic
<LI><a href="#[48]">&gt;&gt;</a>&nbsp;&nbsp;&nbsp;OLEDDMAFill
<LI><a href="#[47]">&gt;&gt;</a>&nbsp;&nbsp;&nbsp;DisplaySetPopup
</UL>
<BR>[Called By]<UL><LI><a href="#[25]">&gt;&gt;</a>&nbsp;&nbsp;&nbsp;main
</UL>

<P><STRONG><a name="[4d]"></a>DataFlashClean_NS</STRONG> (Thumb, 94 bytes, Stack size 0 bytes, dataflash.o(i.DataFlashClean_NS))
<BR><BR>[Called By]<UL><LI><a href="#[4b]">&gt;&gt;</a>&nbsp;&nbsp;&nbsp;DataFlashFindDataNumber_NS
<LI><a href="#[53]">&gt;&gt;</a>&nbsp;&nbsp;&nbsp;DataFlashSave
</UL>

<P><STRONG><a name="[4b]"></a>DataFlashFindDataNumber_NS</STRONG> (Thumb, 206 bytes, Stack size 24 bytes, dataflash.o(i.DataFlashFindDataNumber_NS))
<BR><BR>[Stack]<UL><LI>Max Depth = 24<LI>Call Chain = DataFlashFindDataNumber_NS
</UL>
<BR>[Calls]<UL><LI><a href="#[4d]">&gt;&gt;</a>&nbsp;&nbsp;&nbsp;DataFlashClean_NS
<LI><a href="#[4c]">&gt;&gt;</a>&nbsp;&nbsp;&nbsp;FMC_Read
</UL>
<BR>[Called By]<UL><LI><a href="#[4e]">&gt;&gt;</a>&nbsp;&nbsp;&nbsp;DataFlashInit
</UL>

<P><STRONG><a name="[4e]"></a>DataFlashInit</STRONG> (Thumb, 106 bytes, Stack size 16 bytes, dataflash.o(i.DataFlashInit))
<BR><BR>[Stack]<UL><LI>Max Depth = 40<LI>Call Chain = DataFlashInit &rArr; DataFlashFindDataNumber_NS
</UL>
<BR>[Calls]<UL><LI><a href="#[50]">&gt;&gt;</a>&nbsp;&nbsp;&nbsp;DataFlashRead_NS
<LI><a href="#[4b]">&gt;&gt;</a>&nbsp;&nbsp;&nbsp;DataFlashFindDataNumber_NS
<LI><a href="#[4f]">&gt;&gt;</a>&nbsp;&nbsp;&nbsp;SYS_UnlockReg
<LI><a href="#[51]">&gt;&gt;</a>&nbsp;&nbsp;&nbsp;FMC_ReadUID
<LI><a href="#[52]">&gt;&gt;</a>&nbsp;&nbsp;&nbsp;U32_Change_U8_4
</UL>
<BR>[Called By]<UL><LI><a href="#[aa]">&gt;&gt;</a>&nbsp;&nbsp;&nbsp;SystemGlobalInit
</UL>

<P><STRONG><a name="[50]"></a>DataFlashRead_NS</STRONG> (Thumb, 42 bytes, Stack size 16 bytes, dataflash.o(i.DataFlashRead_NS))
<BR><BR>[Stack]<UL><LI>Max Depth = 16<LI>Call Chain = DataFlashRead_NS
</UL>
<BR>[Calls]<UL><LI><a href="#[4c]">&gt;&gt;</a>&nbsp;&nbsp;&nbsp;FMC_Read
</UL>
<BR>[Called By]<UL><LI><a href="#[4e]">&gt;&gt;</a>&nbsp;&nbsp;&nbsp;DataFlashInit
</UL>

<P><STRONG><a name="[53]"></a>DataFlashSave</STRONG> (Thumb, 170 bytes, Stack size 16 bytes, dataflash.o(i.DataFlashSave))
<BR><BR>[Stack]<UL><LI>Max Depth = 16<LI>Call Chain = DataFlashSave
</UL>
<BR>[Calls]<UL><LI><a href="#[4d]">&gt;&gt;</a>&nbsp;&nbsp;&nbsp;DataFlashClean_NS
<LI><a href="#[4f]">&gt;&gt;</a>&nbsp;&nbsp;&nbsp;SYS_UnlockReg
</UL>
<BR>[Called By]<UL><LI><a href="#[7a]">&gt;&gt;</a>&nbsp;&nbsp;&nbsp;SystemPowerDown
<LI><a href="#[aa]">&gt;&gt;</a>&nbsp;&nbsp;&nbsp;SystemGlobalInit
</UL>

<P><STRONG><a name="[54]"></a>DisplayAPLose</STRONG> (Thumb, 68 bytes, Stack size 40 bytes, display.o(i.DisplayAPLose))
<BR><BR>[Stack]<UL><LI>Max Depth = 120<LI>Call Chain = DisplayAPLose &rArr; DisplayStatusInfo &rArr; OLEDDMAShowStr &rArr; OLEDDMAShowChar &rArr; OLEDDMAUpdate
</UL>
<BR>[Calls]<UL><LI><a href="#[49]">&gt;&gt;</a>&nbsp;&nbsp;&nbsp;OLEDDMAShowStr
<LI><a href="#[4a]">&gt;&gt;</a>&nbsp;&nbsp;&nbsp;OLEDDMAShowPic
<LI><a href="#[55]">&gt;&gt;</a>&nbsp;&nbsp;&nbsp;DisplayStatusInfo
<LI><a href="#[56]">&gt;&gt;</a>&nbsp;&nbsp;&nbsp;__2sprintf
</UL>
<BR>[Called By]<UL><LI><a href="#[c2]">&gt;&gt;</a>&nbsp;&nbsp;&nbsp;WifiCoreRecvPolling
<LI><a href="#[a9]">&gt;&gt;</a>&nbsp;&nbsp;&nbsp;SystemConnectPolling
</UL>

<P><STRONG><a name="[57]"></a>DisplayHostLose</STRONG> (Thumb, 68 bytes, Stack size 40 bytes, display.o(i.DisplayHostLose))
<BR><BR>[Stack]<UL><LI>Max Depth = 120<LI>Call Chain = DisplayHostLose &rArr; DisplayStatusInfo &rArr; OLEDDMAShowStr &rArr; OLEDDMAShowChar &rArr; OLEDDMAUpdate
</UL>
<BR>[Calls]<UL><LI><a href="#[49]">&gt;&gt;</a>&nbsp;&nbsp;&nbsp;OLEDDMAShowStr
<LI><a href="#[4a]">&gt;&gt;</a>&nbsp;&nbsp;&nbsp;OLEDDMAShowPic
<LI><a href="#[55]">&gt;&gt;</a>&nbsp;&nbsp;&nbsp;DisplayStatusInfo
<LI><a href="#[56]">&gt;&gt;</a>&nbsp;&nbsp;&nbsp;__2sprintf
</UL>
<BR>[Called By]<UL><LI><a href="#[a9]">&gt;&gt;</a>&nbsp;&nbsp;&nbsp;SystemConnectPolling
</UL>

<P><STRONG><a name="[58]"></a>DisplayMicStartTimeStatement</STRONG> (Thumb, 274 bytes, Stack size 16 bytes, display.o(i.DisplayMicStartTimeStatement))
<BR><BR>[Stack]<UL><LI>Max Depth = 108<LI>Call Chain = DisplayMicStartTimeStatement &rArr; OLEDDMAShowNumFill &rArr; OLEDDMAShowChar &rArr; OLEDDMAUpdate
</UL>
<BR>[Calls]<UL><LI><a href="#[49]">&gt;&gt;</a>&nbsp;&nbsp;&nbsp;OLEDDMAShowStr
<LI><a href="#[4a]">&gt;&gt;</a>&nbsp;&nbsp;&nbsp;OLEDDMAShowPic
<LI><a href="#[59]">&gt;&gt;</a>&nbsp;&nbsp;&nbsp;OLEDDMAShowNumFill
<LI><a href="#[48]">&gt;&gt;</a>&nbsp;&nbsp;&nbsp;OLEDDMAFill
<LI><a href="#[47]">&gt;&gt;</a>&nbsp;&nbsp;&nbsp;DisplaySetPopup
<LI><a href="#[34]">&gt;&gt;</a>&nbsp;&nbsp;&nbsp;__aeabi_uidivmod
</UL>
<BR>[Called By]<UL><LI><a href="#[79]">&gt;&gt;</a>&nbsp;&nbsp;&nbsp;HostRecvCheck
</UL>

<P><STRONG><a name="[5a]"></a>DisplayPopupTimeoutPolling</STRONG> (Thumb, 138 bytes, Stack size 8 bytes, display.o(i.DisplayPopupTimeoutPolling))
<BR><BR>[Stack]<UL><LI>Max Depth = 116<LI>Call Chain = DisplayPopupTimeoutPolling &rArr; DisplayRestoreMeetingMode &rArr; OLEDDMAShowNumFill &rArr; OLEDDMAShowChar &rArr; OLEDDMAUpdate
</UL>
<BR>[Calls]<UL><LI><a href="#[49]">&gt;&gt;</a>&nbsp;&nbsp;&nbsp;OLEDDMAShowStr
<LI><a href="#[4a]">&gt;&gt;</a>&nbsp;&nbsp;&nbsp;OLEDDMAShowPic
<LI><a href="#[48]">&gt;&gt;</a>&nbsp;&nbsp;&nbsp;OLEDDMAFill
<LI><a href="#[47]">&gt;&gt;</a>&nbsp;&nbsp;&nbsp;DisplaySetPopup
<LI><a href="#[5b]">&gt;&gt;</a>&nbsp;&nbsp;&nbsp;DisplayRestoreMeetingMode
</UL>
<BR>[Called By]<UL><LI><a href="#[25]">&gt;&gt;</a>&nbsp;&nbsp;&nbsp;main
</UL>

<P><STRONG><a name="[5c]"></a>DisplayRestoreIDRepeatMode</STRONG> (Thumb, 76 bytes, Stack size 8 bytes, display.o(i.DisplayRestoreIDRepeatMode))
<BR><BR>[Stack]<UL><LI>Max Depth = 72<LI>Call Chain = DisplayRestoreIDRepeatMode &rArr; OLEDDMAShowStr &rArr; OLEDDMAShowChar &rArr; OLEDDMAUpdate
</UL>
<BR>[Calls]<UL><LI><a href="#[49]">&gt;&gt;</a>&nbsp;&nbsp;&nbsp;OLEDDMAShowStr
<LI><a href="#[4a]">&gt;&gt;</a>&nbsp;&nbsp;&nbsp;OLEDDMAShowPic
<LI><a href="#[48]">&gt;&gt;</a>&nbsp;&nbsp;&nbsp;OLEDDMAFill
<LI><a href="#[47]">&gt;&gt;</a>&nbsp;&nbsp;&nbsp;DisplaySetPopup
<LI><a href="#[5d]">&gt;&gt;</a>&nbsp;&nbsp;&nbsp;LedStaticControl
</UL>
<BR>[Called By]<UL><LI><a href="#[79]">&gt;&gt;</a>&nbsp;&nbsp;&nbsp;HostRecvCheck
</UL>

<P><STRONG><a name="[5b]"></a>DisplayRestoreMeetingMode</STRONG> (Thumb, 516 bytes, Stack size 16 bytes, display.o(i.DisplayRestoreMeetingMode))
<BR><BR>[Stack]<UL><LI>Max Depth = 108<LI>Call Chain = DisplayRestoreMeetingMode &rArr; OLEDDMAShowNumFill &rArr; OLEDDMAShowChar &rArr; OLEDDMAUpdate
</UL>
<BR>[Calls]<UL><LI><a href="#[49]">&gt;&gt;</a>&nbsp;&nbsp;&nbsp;OLEDDMAShowStr
<LI><a href="#[4a]">&gt;&gt;</a>&nbsp;&nbsp;&nbsp;OLEDDMAShowPic
<LI><a href="#[59]">&gt;&gt;</a>&nbsp;&nbsp;&nbsp;OLEDDMAShowNumFill
<LI><a href="#[48]">&gt;&gt;</a>&nbsp;&nbsp;&nbsp;OLEDDMAFill
<LI><a href="#[47]">&gt;&gt;</a>&nbsp;&nbsp;&nbsp;DisplaySetPopup
<LI><a href="#[5d]">&gt;&gt;</a>&nbsp;&nbsp;&nbsp;LedStaticControl
<LI><a href="#[34]">&gt;&gt;</a>&nbsp;&nbsp;&nbsp;__aeabi_uidivmod
</UL>
<BR>[Called By]<UL><LI><a href="#[86]">&gt;&gt;</a>&nbsp;&nbsp;&nbsp;KeyInputPolling
<LI><a href="#[5a]">&gt;&gt;</a>&nbsp;&nbsp;&nbsp;DisplayPopupTimeoutPolling
<LI><a href="#[79]">&gt;&gt;</a>&nbsp;&nbsp;&nbsp;HostRecvCheck
</UL>

<P><STRONG><a name="[5e]"></a>DisplayRestoreSetIDMode</STRONG> (Thumb, 168 bytes, Stack size 8 bytes, display.o(i.DisplayRestoreSetIDMode))
<BR><BR>[Stack]<UL><LI>Max Depth = 100<LI>Call Chain = DisplayRestoreSetIDMode &rArr; OLEDDMAShowNumFill &rArr; OLEDDMAShowChar &rArr; OLEDDMAUpdate
</UL>
<BR>[Calls]<UL><LI><a href="#[49]">&gt;&gt;</a>&nbsp;&nbsp;&nbsp;OLEDDMAShowStr
<LI><a href="#[4a]">&gt;&gt;</a>&nbsp;&nbsp;&nbsp;OLEDDMAShowPic
<LI><a href="#[59]">&gt;&gt;</a>&nbsp;&nbsp;&nbsp;OLEDDMAShowNumFill
<LI><a href="#[48]">&gt;&gt;</a>&nbsp;&nbsp;&nbsp;OLEDDMAFill
<LI><a href="#[47]">&gt;&gt;</a>&nbsp;&nbsp;&nbsp;DisplaySetPopup
<LI><a href="#[5d]">&gt;&gt;</a>&nbsp;&nbsp;&nbsp;LedStaticControl
</UL>
<BR>[Called By]<UL><LI><a href="#[79]">&gt;&gt;</a>&nbsp;&nbsp;&nbsp;HostRecvCheck
</UL>

<P><STRONG><a name="[5f]"></a>DisplayRestoreSignMode</STRONG> (Thumb, 274 bytes, Stack size 8 bytes, display.o(i.DisplayRestoreSignMode))
<BR><BR>[Stack]<UL><LI>Max Depth = 100<LI>Call Chain = DisplayRestoreSignMode &rArr; OLEDDMAShowNumFill &rArr; OLEDDMAShowChar &rArr; OLEDDMAUpdate
</UL>
<BR>[Calls]<UL><LI><a href="#[49]">&gt;&gt;</a>&nbsp;&nbsp;&nbsp;OLEDDMAShowStr
<LI><a href="#[4a]">&gt;&gt;</a>&nbsp;&nbsp;&nbsp;OLEDDMAShowPic
<LI><a href="#[59]">&gt;&gt;</a>&nbsp;&nbsp;&nbsp;OLEDDMAShowNumFill
<LI><a href="#[48]">&gt;&gt;</a>&nbsp;&nbsp;&nbsp;OLEDDMAFill
<LI><a href="#[47]">&gt;&gt;</a>&nbsp;&nbsp;&nbsp;DisplaySetPopup
<LI><a href="#[5d]">&gt;&gt;</a>&nbsp;&nbsp;&nbsp;LedStaticControl
</UL>
<BR>[Called By]<UL><LI><a href="#[79]">&gt;&gt;</a>&nbsp;&nbsp;&nbsp;HostRecvCheck
</UL>

<P><STRONG><a name="[60]"></a>DisplayRestoreVoteMode</STRONG> (Thumb, 118 bytes, Stack size 8 bytes, display.o(i.DisplayRestoreVoteMode))
<BR><BR>[Stack]<UL><LI>Max Depth = 72<LI>Call Chain = DisplayRestoreVoteMode &rArr; OLEDDMAShowStr &rArr; OLEDDMAShowChar &rArr; OLEDDMAUpdate
</UL>
<BR>[Calls]<UL><LI><a href="#[49]">&gt;&gt;</a>&nbsp;&nbsp;&nbsp;OLEDDMAShowStr
<LI><a href="#[4a]">&gt;&gt;</a>&nbsp;&nbsp;&nbsp;OLEDDMAShowPic
<LI><a href="#[48]">&gt;&gt;</a>&nbsp;&nbsp;&nbsp;OLEDDMAFill
<LI><a href="#[47]">&gt;&gt;</a>&nbsp;&nbsp;&nbsp;DisplaySetPopup
<LI><a href="#[5d]">&gt;&gt;</a>&nbsp;&nbsp;&nbsp;LedStaticControl
</UL>
<BR>[Called By]<UL><LI><a href="#[79]">&gt;&gt;</a>&nbsp;&nbsp;&nbsp;HostRecvCheck
</UL>

<P><STRONG><a name="[47]"></a>DisplaySetPopup</STRONG> (Thumb, 46 bytes, Stack size 0 bytes, display.o(i.DisplaySetPopup))
<BR><BR>[Called By]<UL><LI><a href="#[c2]">&gt;&gt;</a>&nbsp;&nbsp;&nbsp;WifiCoreRecvPolling
<LI><a href="#[ad]">&gt;&gt;</a>&nbsp;&nbsp;&nbsp;SystemReadAdcPolling
<LI><a href="#[86]">&gt;&gt;</a>&nbsp;&nbsp;&nbsp;KeyInputPolling
<LI><a href="#[5a]">&gt;&gt;</a>&nbsp;&nbsp;&nbsp;DisplayPopupTimeoutPolling
<LI><a href="#[88]">&gt;&gt;</a>&nbsp;&nbsp;&nbsp;MicStatementPolling
<LI><a href="#[46]">&gt;&gt;</a>&nbsp;&nbsp;&nbsp;ClearMICFullstate
<LI><a href="#[55]">&gt;&gt;</a>&nbsp;&nbsp;&nbsp;DisplayStatusInfo
<LI><a href="#[60]">&gt;&gt;</a>&nbsp;&nbsp;&nbsp;DisplayRestoreVoteMode
<LI><a href="#[5f]">&gt;&gt;</a>&nbsp;&nbsp;&nbsp;DisplayRestoreSignMode
<LI><a href="#[5e]">&gt;&gt;</a>&nbsp;&nbsp;&nbsp;DisplayRestoreSetIDMode
<LI><a href="#[5c]">&gt;&gt;</a>&nbsp;&nbsp;&nbsp;DisplayRestoreIDRepeatMode
<LI><a href="#[58]">&gt;&gt;</a>&nbsp;&nbsp;&nbsp;DisplayMicStartTimeStatement
<LI><a href="#[79]">&gt;&gt;</a>&nbsp;&nbsp;&nbsp;HostRecvCheck
<LI><a href="#[63]">&gt;&gt;</a>&nbsp;&nbsp;&nbsp;DisplaySystemInfo
<LI><a href="#[5b]">&gt;&gt;</a>&nbsp;&nbsp;&nbsp;DisplayRestoreMeetingMode
</UL>

<P><STRONG><a name="[61]"></a>DisplayStartupFlash</STRONG> (Thumb, 68 bytes, Stack size 8 bytes, display.o(i.DisplayStartupFlash))
<BR><BR>[Stack]<UL><LI>Max Depth = 60<LI>Call Chain = DisplayStartupFlash &rArr; OLEDDMAShowPic &rArr; OLEDDMAUpdate
</UL>
<BR>[Calls]<UL><LI><a href="#[4a]">&gt;&gt;</a>&nbsp;&nbsp;&nbsp;OLEDDMAShowPic
<LI><a href="#[33]">&gt;&gt;</a>&nbsp;&nbsp;&nbsp;__aeabi_idivmod
</UL>
<BR>[Called By]<UL><LI><a href="#[a9]">&gt;&gt;</a>&nbsp;&nbsp;&nbsp;SystemConnectPolling
</UL>

<P><STRONG><a name="[55]"></a>DisplayStatusInfo</STRONG> (Thumb, 146 bytes, Stack size 16 bytes, display.o(i.DisplayStatusInfo))
<BR><BR>[Stack]<UL><LI>Max Depth = 80<LI>Call Chain = DisplayStatusInfo &rArr; OLEDDMAShowStr &rArr; OLEDDMAShowChar &rArr; OLEDDMAUpdate
</UL>
<BR>[Calls]<UL><LI><a href="#[49]">&gt;&gt;</a>&nbsp;&nbsp;&nbsp;OLEDDMAShowStr
<LI><a href="#[4a]">&gt;&gt;</a>&nbsp;&nbsp;&nbsp;OLEDDMAShowPic
<LI><a href="#[47]">&gt;&gt;</a>&nbsp;&nbsp;&nbsp;DisplaySetPopup
<LI><a href="#[62]">&gt;&gt;</a>&nbsp;&nbsp;&nbsp;OLEDDMAClearPic
<LI><a href="#[56]">&gt;&gt;</a>&nbsp;&nbsp;&nbsp;__2sprintf
</UL>
<BR>[Called By]<UL><LI><a href="#[64]">&gt;&gt;</a>&nbsp;&nbsp;&nbsp;DisplayUartError
<LI><a href="#[57]">&gt;&gt;</a>&nbsp;&nbsp;&nbsp;DisplayHostLose
<LI><a href="#[54]">&gt;&gt;</a>&nbsp;&nbsp;&nbsp;DisplayAPLose
<LI><a href="#[79]">&gt;&gt;</a>&nbsp;&nbsp;&nbsp;HostRecvCheck
</UL>

<P><STRONG><a name="[63]"></a>DisplaySystemInfo</STRONG> (Thumb, 94 bytes, Stack size 40 bytes, display.o(i.DisplaySystemInfo))
<BR><BR>[Stack]<UL><LI>Max Depth = 104<LI>Call Chain = DisplaySystemInfo &rArr; OLEDDMAShowStr &rArr; OLEDDMAShowChar &rArr; OLEDDMAUpdate
</UL>
<BR>[Calls]<UL><LI><a href="#[49]">&gt;&gt;</a>&nbsp;&nbsp;&nbsp;OLEDDMAShowStr
<LI><a href="#[4a]">&gt;&gt;</a>&nbsp;&nbsp;&nbsp;OLEDDMAShowPic
<LI><a href="#[48]">&gt;&gt;</a>&nbsp;&nbsp;&nbsp;OLEDDMAFill
<LI><a href="#[47]">&gt;&gt;</a>&nbsp;&nbsp;&nbsp;DisplaySetPopup
<LI><a href="#[56]">&gt;&gt;</a>&nbsp;&nbsp;&nbsp;__2sprintf
</UL>
<BR>[Called By]<UL><LI><a href="#[86]">&gt;&gt;</a>&nbsp;&nbsp;&nbsp;KeyInputPolling
</UL>

<P><STRONG><a name="[64]"></a>DisplayUartError</STRONG> (Thumb, 44 bytes, Stack size 8 bytes, display.o(i.DisplayUartError))
<BR><BR>[Stack]<UL><LI>Max Depth = 88<LI>Call Chain = DisplayUartError &rArr; DisplayStatusInfo &rArr; OLEDDMAShowStr &rArr; OLEDDMAShowChar &rArr; OLEDDMAUpdate
</UL>
<BR>[Calls]<UL><LI><a href="#[49]">&gt;&gt;</a>&nbsp;&nbsp;&nbsp;OLEDDMAShowStr
<LI><a href="#[4a]">&gt;&gt;</a>&nbsp;&nbsp;&nbsp;OLEDDMAShowPic
<LI><a href="#[55]">&gt;&gt;</a>&nbsp;&nbsp;&nbsp;DisplayStatusInfo
</UL>
<BR>[Called By]<UL><LI><a href="#[a9]">&gt;&gt;</a>&nbsp;&nbsp;&nbsp;SystemConnectPolling
</UL>

<P><STRONG><a name="[65]"></a>EP3_Handler</STRONG> (Thumb, 50 bytes, Stack size 8 bytes, hid_transfer.o(i.EP3_Handler))
<BR><BR>[Stack]<UL><LI>Max Depth = 16<LI>Call Chain = EP3_Handler &rArr; USBD_MemCopy
</UL>
<BR>[Calls]<UL><LI><a href="#[66]">&gt;&gt;</a>&nbsp;&nbsp;&nbsp;USBD_MemCopy
</UL>
<BR>[Called By]<UL><LI><a href="#[1d]">&gt;&gt;</a>&nbsp;&nbsp;&nbsp;USBD_IRQHandler
</UL>

<P><STRONG><a name="[cd]"></a>GpioNormalInit</STRONG> (Thumb, 388 bytes, Stack size 0 bytes, main.o(i.GpioNormalInit))
<BR><BR>[Called By]<UL><LI><a href="#[25]">&gt;&gt;</a>&nbsp;&nbsp;&nbsp;main
</UL>

<P><STRONG><a name="[29]"></a>HID_ClassRequest</STRONG> (Thumb, 128 bytes, Stack size 16 bytes, hid_transfer.o(i.HID_ClassRequest))
<BR><BR>[Stack]<UL><LI>Max Depth = 32<LI>Call Chain = HID_ClassRequest &rArr; USBD_GetSetupPacket &rArr; USBD_MemCopy
</UL>
<BR>[Calls]<UL><LI><a href="#[67]">&gt;&gt;</a>&nbsp;&nbsp;&nbsp;USBD_GetSetupPacket
<LI><a href="#[68]">&gt;&gt;</a>&nbsp;&nbsp;&nbsp;USBD_SetStall
</UL>
<BR>[Address Reference Count : 1]<UL><LI> hid_transfer.o(i.HID_Init)
</UL>
<P><STRONG><a name="[69]"></a>HID_Init</STRONG> (Thumb, 132 bytes, Stack size 8 bytes, hid_transfer.o(i.HID_Init))
<BR><BR>[Stack]<UL><LI>Max Depth = 40<LI>Call Chain = HID_Init &rArr; CLK_SetModuleClock
</UL>
<BR>[Calls]<UL><LI><a href="#[6b]">&gt;&gt;</a>&nbsp;&nbsp;&nbsp;CLK_SetModuleClock
<LI><a href="#[6a]">&gt;&gt;</a>&nbsp;&nbsp;&nbsp;CLK_EnableModuleClock
<LI><a href="#[6d]">&gt;&gt;</a>&nbsp;&nbsp;&nbsp;USBD_Start
<LI><a href="#[6c]">&gt;&gt;</a>&nbsp;&nbsp;&nbsp;USBD_Open
</UL>
<BR>[Called By]<UL><LI><a href="#[25]">&gt;&gt;</a>&nbsp;&nbsp;&nbsp;main
</UL>

<P><STRONG><a name="[26]"></a>Hard_Fault_Handler</STRONG> (Thumb, 18 bytes, Stack size 0 bytes, retarget.o(i.Hard_Fault_Handler))
<BR><BR>[Stack]<UL><LI>Max Depth = 32<LI>Call Chain = Hard_Fault_Handler &rArr; stackDump &rArr; __2printf
</UL>
<BR>[Calls]<UL><LI><a href="#[6f]">&gt;&gt;</a>&nbsp;&nbsp;&nbsp;stackDump
<LI><a href="#[6e]">&gt;&gt;</a>&nbsp;&nbsp;&nbsp;__2printf
</UL>
<BR>[Address Reference Count : 1]<UL><LI> retarget.o(.emb_text)
</UL>
<P><STRONG><a name="[70]"></a>HardwordCloseMic</STRONG> (Thumb, 106 bytes, Stack size 16 bytes, audio_control.o(i.HardwordCloseMic))
<BR><BR>[Stack]<UL><LI>Max Depth = 56<LI>Call Chain = HardwordCloseMic &rArr; HostCommandSend &rArr; WifiCoreWriteByte
</UL>
<BR>[Calls]<UL><LI><a href="#[71]">&gt;&gt;</a>&nbsp;&nbsp;&nbsp;HostCommandSend
<LI><a href="#[5d]">&gt;&gt;</a>&nbsp;&nbsp;&nbsp;LedStaticControl
<LI><a href="#[72]">&gt;&gt;</a>&nbsp;&nbsp;&nbsp;WifiCoreCommandSend
</UL>
<BR>[Called By]<UL><LI><a href="#[ad]">&gt;&gt;</a>&nbsp;&nbsp;&nbsp;SystemReadAdcPolling
<LI><a href="#[86]">&gt;&gt;</a>&nbsp;&nbsp;&nbsp;KeyInputPolling
<LI><a href="#[7a]">&gt;&gt;</a>&nbsp;&nbsp;&nbsp;SystemPowerDown
<LI><a href="#[88]">&gt;&gt;</a>&nbsp;&nbsp;&nbsp;MicStatementPolling
<LI><a href="#[78]">&gt;&gt;</a>&nbsp;&nbsp;&nbsp;HostDisconnectDo
<LI><a href="#[79]">&gt;&gt;</a>&nbsp;&nbsp;&nbsp;HostRecvCheck
</UL>

<P><STRONG><a name="[73]"></a>HardwordOpenMic</STRONG> (Thumb, 54 bytes, Stack size 16 bytes, audio_control.o(i.HardwordOpenMic))
<BR><BR>[Stack]<UL><LI>Max Depth = 48<LI>Call Chain = HardwordOpenMic &rArr; WifiCoreCommandSend &rArr; WifiCoreWriteByte
</UL>
<BR>[Calls]<UL><LI><a href="#[74]">&gt;&gt;</a>&nbsp;&nbsp;&nbsp;VoiceModeNoSignalResetTimer
<LI><a href="#[5d]">&gt;&gt;</a>&nbsp;&nbsp;&nbsp;LedStaticControl
<LI><a href="#[72]">&gt;&gt;</a>&nbsp;&nbsp;&nbsp;WifiCoreCommandSend
</UL>
<BR>[Called By]<UL><LI><a href="#[79]">&gt;&gt;</a>&nbsp;&nbsp;&nbsp;HostRecvCheck
</UL>

<P><STRONG><a name="[71]"></a>HostCommandSend</STRONG> (Thumb, 80 bytes, Stack size 32 bytes, wifi_core.o(i.HostCommandSend))
<BR><BR>[Stack]<UL><LI>Max Depth = 40<LI>Call Chain = HostCommandSend &rArr; WifiCoreWriteByte
</UL>
<BR>[Calls]<UL><LI><a href="#[76]">&gt;&gt;</a>&nbsp;&nbsp;&nbsp;delay_ms
<LI><a href="#[75]">&gt;&gt;</a>&nbsp;&nbsp;&nbsp;WifiCoreWriteByte
</UL>
<BR>[Called By]<UL><LI><a href="#[c2]">&gt;&gt;</a>&nbsp;&nbsp;&nbsp;WifiCoreRecvPolling
<LI><a href="#[ad]">&gt;&gt;</a>&nbsp;&nbsp;&nbsp;SystemReadAdcPolling
<LI><a href="#[86]">&gt;&gt;</a>&nbsp;&nbsp;&nbsp;KeyInputPolling
<LI><a href="#[70]">&gt;&gt;</a>&nbsp;&nbsp;&nbsp;HardwordCloseMic
<LI><a href="#[79]">&gt;&gt;</a>&nbsp;&nbsp;&nbsp;HostRecvCheck
</UL>

<P><STRONG><a name="[77]"></a>HostCommandSendEnterSystem</STRONG> (Thumb, 54 bytes, Stack size 16 bytes, wifi_core.o(i.HostCommandSendEnterSystem))
<BR><BR>[Stack]<UL><LI>Max Depth = 48<LI>Call Chain = HostCommandSendEnterSystem &rArr; WifiCoreCommandSend &rArr; WifiCoreWriteByte
</UL>
<BR>[Calls]<UL><LI><a href="#[72]">&gt;&gt;</a>&nbsp;&nbsp;&nbsp;WifiCoreCommandSend
</UL>
<BR>[Called By]<UL><LI><a href="#[c2]">&gt;&gt;</a>&nbsp;&nbsp;&nbsp;WifiCoreRecvPolling
<LI><a href="#[7a]">&gt;&gt;</a>&nbsp;&nbsp;&nbsp;SystemPowerDown
<LI><a href="#[a9]">&gt;&gt;</a>&nbsp;&nbsp;&nbsp;SystemConnectPolling
</UL>

<P><STRONG><a name="[78]"></a>HostDisconnectDo</STRONG> (Thumb, 48 bytes, Stack size 8 bytes, main.o(i.HostDisconnectDo))
<BR><BR>[Stack]<UL><LI>Max Depth = 64<LI>Call Chain = HostDisconnectDo &rArr; HardwordCloseMic &rArr; HostCommandSend &rArr; WifiCoreWriteByte
</UL>
<BR>[Calls]<UL><LI><a href="#[70]">&gt;&gt;</a>&nbsp;&nbsp;&nbsp;HardwordCloseMic
</UL>
<BR>[Called By]<UL><LI><a href="#[c2]">&gt;&gt;</a>&nbsp;&nbsp;&nbsp;WifiCoreRecvPolling
<LI><a href="#[a9]">&gt;&gt;</a>&nbsp;&nbsp;&nbsp;SystemConnectPolling
<LI><a href="#[79]">&gt;&gt;</a>&nbsp;&nbsp;&nbsp;HostRecvCheck
</UL>

<P><STRONG><a name="[80]"></a>IIC_BUS_Write_7Bitadd_9Bitdata</STRONG> (Thumb, 76 bytes, Stack size 16 bytes, i2c_simulate.o(i.IIC_BUS_Write_7Bitadd_9Bitdata))
<BR><BR>[Stack]<UL><LI>Max Depth = 44<LI>Call Chain = IIC_BUS_Write_7Bitadd_9Bitdata &rArr; IIC_Wait_Ack &rArr; IIC_Stop &rArr; delay_us
</UL>
<BR>[Calls]<UL><LI><a href="#[83]">&gt;&gt;</a>&nbsp;&nbsp;&nbsp;IIC_Wait_Ack
<LI><a href="#[84]">&gt;&gt;</a>&nbsp;&nbsp;&nbsp;IIC_Stop
<LI><a href="#[81]">&gt;&gt;</a>&nbsp;&nbsp;&nbsp;IIC_Start
<LI><a href="#[82]">&gt;&gt;</a>&nbsp;&nbsp;&nbsp;IIC_Send_Byte
<LI><a href="#[76]">&gt;&gt;</a>&nbsp;&nbsp;&nbsp;delay_ms
</UL>
<BR>[Called By]<UL><LI><a href="#[c5]">&gt;&gt;</a>&nbsp;&nbsp;&nbsp;Wm8974SetSpkVolCtrl
<LI><a href="#[c6]">&gt;&gt;</a>&nbsp;&nbsp;&nbsp;Wm8974SetMonoVolCtrl
<LI><a href="#[a3]">&gt;&gt;</a>&nbsp;&nbsp;&nbsp;Wm8974SetInpgaHexVolume
<LI><a href="#[7c]">&gt;&gt;</a>&nbsp;&nbsp;&nbsp;Wm8974SetFilter
<LI><a href="#[7e]">&gt;&gt;</a>&nbsp;&nbsp;&nbsp;Wm8974SetEQValue
<LI><a href="#[b0]">&gt;&gt;</a>&nbsp;&nbsp;&nbsp;Wm8974RegisterInit
</UL>

<P><STRONG><a name="[82]"></a>IIC_Send_Byte</STRONG> (Thumb, 90 bytes, Stack size 16 bytes, i2c_simulate.o(i.IIC_Send_Byte))
<BR><BR>[Stack]<UL><LI>Max Depth = 20<LI>Call Chain = IIC_Send_Byte &rArr; delay_us
</UL>
<BR>[Calls]<UL><LI><a href="#[85]">&gt;&gt;</a>&nbsp;&nbsp;&nbsp;delay_us
</UL>
<BR>[Called By]<UL><LI><a href="#[80]">&gt;&gt;</a>&nbsp;&nbsp;&nbsp;IIC_BUS_Write_7Bitadd_9Bitdata
</UL>

<P><STRONG><a name="[81]"></a>IIC_Start</STRONG> (Thumb, 48 bytes, Stack size 8 bytes, i2c_simulate.o(i.IIC_Start))
<BR><BR>[Stack]<UL><LI>Max Depth = 12<LI>Call Chain = IIC_Start &rArr; delay_us
</UL>
<BR>[Calls]<UL><LI><a href="#[85]">&gt;&gt;</a>&nbsp;&nbsp;&nbsp;delay_us
</UL>
<BR>[Called By]<UL><LI><a href="#[80]">&gt;&gt;</a>&nbsp;&nbsp;&nbsp;IIC_BUS_Write_7Bitadd_9Bitdata
</UL>

<P><STRONG><a name="[84]"></a>IIC_Stop</STRONG> (Thumb, 48 bytes, Stack size 8 bytes, i2c_simulate.o(i.IIC_Stop))
<BR><BR>[Stack]<UL><LI>Max Depth = 12<LI>Call Chain = IIC_Stop &rArr; delay_us
</UL>
<BR>[Calls]<UL><LI><a href="#[85]">&gt;&gt;</a>&nbsp;&nbsp;&nbsp;delay_us
</UL>
<BR>[Called By]<UL><LI><a href="#[83]">&gt;&gt;</a>&nbsp;&nbsp;&nbsp;IIC_Wait_Ack
<LI><a href="#[80]">&gt;&gt;</a>&nbsp;&nbsp;&nbsp;IIC_BUS_Write_7Bitadd_9Bitdata
</UL>

<P><STRONG><a name="[83]"></a>IIC_Wait_Ack</STRONG> (Thumb, 72 bytes, Stack size 16 bytes, i2c_simulate.o(i.IIC_Wait_Ack))
<BR><BR>[Stack]<UL><LI>Max Depth = 28<LI>Call Chain = IIC_Wait_Ack &rArr; IIC_Stop &rArr; delay_us
</UL>
<BR>[Calls]<UL><LI><a href="#[84]">&gt;&gt;</a>&nbsp;&nbsp;&nbsp;IIC_Stop
<LI><a href="#[85]">&gt;&gt;</a>&nbsp;&nbsp;&nbsp;delay_us
</UL>
<BR>[Called By]<UL><LI><a href="#[80]">&gt;&gt;</a>&nbsp;&nbsp;&nbsp;IIC_BUS_Write_7Bitadd_9Bitdata
</UL>

<P><STRONG><a name="[86]"></a>KeyInputPolling</STRONG> (Thumb, 412 bytes, Stack size 8 bytes, key.o(i.KeyInputPolling))
<BR><BR>[Stack]<UL><LI>Max Depth = 116<LI>Call Chain = KeyInputPolling &rArr; DisplayRestoreMeetingMode &rArr; OLEDDMAShowNumFill &rArr; OLEDDMAShowChar &rArr; OLEDDMAUpdate
</UL>
<BR>[Calls]<UL><LI><a href="#[71]">&gt;&gt;</a>&nbsp;&nbsp;&nbsp;HostCommandSend
<LI><a href="#[49]">&gt;&gt;</a>&nbsp;&nbsp;&nbsp;OLEDDMAShowStr
<LI><a href="#[4a]">&gt;&gt;</a>&nbsp;&nbsp;&nbsp;OLEDDMAShowPic
<LI><a href="#[59]">&gt;&gt;</a>&nbsp;&nbsp;&nbsp;OLEDDMAShowNumFill
<LI><a href="#[48]">&gt;&gt;</a>&nbsp;&nbsp;&nbsp;OLEDDMAFill
<LI><a href="#[70]">&gt;&gt;</a>&nbsp;&nbsp;&nbsp;HardwordCloseMic
<LI><a href="#[47]">&gt;&gt;</a>&nbsp;&nbsp;&nbsp;DisplaySetPopup
<LI><a href="#[7a]">&gt;&gt;</a>&nbsp;&nbsp;&nbsp;SystemPowerDown
<LI><a href="#[5d]">&gt;&gt;</a>&nbsp;&nbsp;&nbsp;LedStaticControl
<LI><a href="#[63]">&gt;&gt;</a>&nbsp;&nbsp;&nbsp;DisplaySystemInfo
<LI><a href="#[5b]">&gt;&gt;</a>&nbsp;&nbsp;&nbsp;DisplayRestoreMeetingMode
<LI><a href="#[87]">&gt;&gt;</a>&nbsp;&nbsp;&nbsp;keyInputGet
</UL>
<BR>[Called By]<UL><LI><a href="#[25]">&gt;&gt;</a>&nbsp;&nbsp;&nbsp;main
</UL>

<P><STRONG><a name="[ce]"></a>LedFlashPolling</STRONG> (Thumb, 236 bytes, Stack size 0 bytes, main.o(i.LedFlashPolling))
<BR><BR>[Called By]<UL><LI><a href="#[25]">&gt;&gt;</a>&nbsp;&nbsp;&nbsp;main
</UL>

<P><STRONG><a name="[5d]"></a>LedStaticControl</STRONG> (Thumb, 86 bytes, Stack size 4 bytes, main.o(i.LedStaticControl))
<BR><BR>[Stack]<UL><LI>Max Depth = 12<LI>Call Chain = LedStaticControl &rArr; __ARM_common_switch8
</UL>
<BR>[Calls]<UL><LI><a href="#[7b]">&gt;&gt;</a>&nbsp;&nbsp;&nbsp;__ARM_common_switch8
</UL>
<BR>[Called By]<UL><LI><a href="#[86]">&gt;&gt;</a>&nbsp;&nbsp;&nbsp;KeyInputPolling
<LI><a href="#[70]">&gt;&gt;</a>&nbsp;&nbsp;&nbsp;HardwordCloseMic
<LI><a href="#[60]">&gt;&gt;</a>&nbsp;&nbsp;&nbsp;DisplayRestoreVoteMode
<LI><a href="#[5f]">&gt;&gt;</a>&nbsp;&nbsp;&nbsp;DisplayRestoreSignMode
<LI><a href="#[5e]">&gt;&gt;</a>&nbsp;&nbsp;&nbsp;DisplayRestoreSetIDMode
<LI><a href="#[5c]">&gt;&gt;</a>&nbsp;&nbsp;&nbsp;DisplayRestoreIDRepeatMode
<LI><a href="#[79]">&gt;&gt;</a>&nbsp;&nbsp;&nbsp;HostRecvCheck
<LI><a href="#[5b]">&gt;&gt;</a>&nbsp;&nbsp;&nbsp;DisplayRestoreMeetingMode
<LI><a href="#[73]">&gt;&gt;</a>&nbsp;&nbsp;&nbsp;HardwordOpenMic
</UL>

<P><STRONG><a name="[94]"></a>M_Pow_N</STRONG> (Thumb, 26 bytes, Stack size 8 bytes, strconv.o(i.M_Pow_N))
<BR><BR>[Stack]<UL><LI>Max Depth = 8<LI>Call Chain = M_Pow_N
</UL>
<BR>[Called By]<UL><LI><a href="#[59]">&gt;&gt;</a>&nbsp;&nbsp;&nbsp;OLEDDMAShowNumFill
</UL>

<P><STRONG><a name="[88]"></a>MicStatementPolling</STRONG> (Thumb, 490 bytes, Stack size 16 bytes, main.o(i.MicStatementPolling))
<BR><BR>[Stack]<UL><LI>Max Depth = 108<LI>Call Chain = MicStatementPolling &rArr; OLEDDMAShowNumFill &rArr; OLEDDMAShowChar &rArr; OLEDDMAUpdate
</UL>
<BR>[Calls]<UL><LI><a href="#[49]">&gt;&gt;</a>&nbsp;&nbsp;&nbsp;OLEDDMAShowStr
<LI><a href="#[4a]">&gt;&gt;</a>&nbsp;&nbsp;&nbsp;OLEDDMAShowPic
<LI><a href="#[59]">&gt;&gt;</a>&nbsp;&nbsp;&nbsp;OLEDDMAShowNumFill
<LI><a href="#[48]">&gt;&gt;</a>&nbsp;&nbsp;&nbsp;OLEDDMAFill
<LI><a href="#[70]">&gt;&gt;</a>&nbsp;&nbsp;&nbsp;HardwordCloseMic
<LI><a href="#[47]">&gt;&gt;</a>&nbsp;&nbsp;&nbsp;DisplaySetPopup
<LI><a href="#[34]">&gt;&gt;</a>&nbsp;&nbsp;&nbsp;__aeabi_uidivmod
</UL>
<BR>[Called By]<UL><LI><a href="#[25]">&gt;&gt;</a>&nbsp;&nbsp;&nbsp;main
</UL>

<P><STRONG><a name="[8d]"></a>OLEDCPUSendOff</STRONG> (Thumb, 10 bytes, Stack size 8 bytes, oled_dma.o(i.OLEDCPUSendOff))
<BR><BR>[Stack]<UL><LI>Max Depth = 8<LI>Call Chain = OLEDCPUSendOff
</UL>
<BR>[Calls]<UL><LI><a href="#[8e]">&gt;&gt;</a>&nbsp;&nbsp;&nbsp;OLEDCPUSendCmd
</UL>
<BR>[Called By]<UL><LI><a href="#[7a]">&gt;&gt;</a>&nbsp;&nbsp;&nbsp;SystemPowerDown
</UL>

<P><STRONG><a name="[62]"></a>OLEDDMAClearPic</STRONG> (Thumb, 40 bytes, Stack size 8 bytes, oled_dma.o(i.OLEDDMAClearPic))
<BR><BR>[Stack]<UL><LI>Max Depth = 12<LI>Call Chain = OLEDDMAClearPic &rArr; OLEDDMAUpdate
</UL>
<BR>[Calls]<UL><LI><a href="#[90]">&gt;&gt;</a>&nbsp;&nbsp;&nbsp;OLEDDMAUpdate
<LI><a href="#[8f]">&gt;&gt;</a>&nbsp;&nbsp;&nbsp;__aeabi_memclr4
<LI><a href="#[36]">&gt;&gt;</a>&nbsp;&nbsp;&nbsp;__aeabi_memset
</UL>
<BR>[Called By]<UL><LI><a href="#[c0]">&gt;&gt;</a>&nbsp;&nbsp;&nbsp;UsbRecvPolling
<LI><a href="#[55]">&gt;&gt;</a>&nbsp;&nbsp;&nbsp;DisplayStatusInfo
</UL>

<P><STRONG><a name="[48]"></a>OLEDDMAFill</STRONG> (Thumb, 106 bytes, Stack size 48 bytes, oled_dma.o(i.OLEDDMAFill))
<BR><BR>[Stack]<UL><LI>Max Depth = 52<LI>Call Chain = OLEDDMAFill &rArr; OLEDDMAUpdate
</UL>
<BR>[Calls]<UL><LI><a href="#[90]">&gt;&gt;</a>&nbsp;&nbsp;&nbsp;OLEDDMAUpdate
</UL>
<BR>[Called By]<UL><LI><a href="#[c2]">&gt;&gt;</a>&nbsp;&nbsp;&nbsp;WifiCoreRecvPolling
<LI><a href="#[ad]">&gt;&gt;</a>&nbsp;&nbsp;&nbsp;SystemReadAdcPolling
<LI><a href="#[86]">&gt;&gt;</a>&nbsp;&nbsp;&nbsp;KeyInputPolling
<LI><a href="#[5a]">&gt;&gt;</a>&nbsp;&nbsp;&nbsp;DisplayPopupTimeoutPolling
<LI><a href="#[88]">&gt;&gt;</a>&nbsp;&nbsp;&nbsp;MicStatementPolling
<LI><a href="#[46]">&gt;&gt;</a>&nbsp;&nbsp;&nbsp;ClearMICFullstate
<LI><a href="#[60]">&gt;&gt;</a>&nbsp;&nbsp;&nbsp;DisplayRestoreVoteMode
<LI><a href="#[5f]">&gt;&gt;</a>&nbsp;&nbsp;&nbsp;DisplayRestoreSignMode
<LI><a href="#[5e]">&gt;&gt;</a>&nbsp;&nbsp;&nbsp;DisplayRestoreSetIDMode
<LI><a href="#[5c]">&gt;&gt;</a>&nbsp;&nbsp;&nbsp;DisplayRestoreIDRepeatMode
<LI><a href="#[58]">&gt;&gt;</a>&nbsp;&nbsp;&nbsp;DisplayMicStartTimeStatement
<LI><a href="#[79]">&gt;&gt;</a>&nbsp;&nbsp;&nbsp;HostRecvCheck
<LI><a href="#[63]">&gt;&gt;</a>&nbsp;&nbsp;&nbsp;DisplaySystemInfo
<LI><a href="#[5b]">&gt;&gt;</a>&nbsp;&nbsp;&nbsp;DisplayRestoreMeetingMode
</UL>

<P><STRONG><a name="[91]"></a>OLEDDMAPolling</STRONG> (Thumb, 66 bytes, Stack size 8 bytes, oled_dma.o(i.OLEDDMAPolling))
<BR><BR>[Stack]<UL><LI>Max Depth = 8<LI>Call Chain = OLEDDMAPolling
</UL>
<BR>[Calls]<UL><LI><a href="#[92]">&gt;&gt;</a>&nbsp;&nbsp;&nbsp;PDMA_Trigger
</UL>
<BR>[Called By]<UL><LI><a href="#[25]">&gt;&gt;</a>&nbsp;&nbsp;&nbsp;main
</UL>

<P><STRONG><a name="[93]"></a>OLEDDMAShowChar</STRONG> (Thumb, 128 bytes, Stack size 40 bytes, oled_dma.o(i.OLEDDMAShowChar))
<BR><BR>[Stack]<UL><LI>Max Depth = 44<LI>Call Chain = OLEDDMAShowChar &rArr; OLEDDMAUpdate
</UL>
<BR>[Calls]<UL><LI><a href="#[90]">&gt;&gt;</a>&nbsp;&nbsp;&nbsp;OLEDDMAUpdate
</UL>
<BR>[Called By]<UL><LI><a href="#[49]">&gt;&gt;</a>&nbsp;&nbsp;&nbsp;OLEDDMAShowStr
<LI><a href="#[59]">&gt;&gt;</a>&nbsp;&nbsp;&nbsp;OLEDDMAShowNumFill
</UL>

<P><STRONG><a name="[59]"></a>OLEDDMAShowNumFill</STRONG> (Thumb, 120 bytes, Stack size 48 bytes, oled_dma.o(i.OLEDDMAShowNumFill))
<BR><BR>[Stack]<UL><LI>Max Depth = 92<LI>Call Chain = OLEDDMAShowNumFill &rArr; OLEDDMAShowChar &rArr; OLEDDMAUpdate
</UL>
<BR>[Calls]<UL><LI><a href="#[93]">&gt;&gt;</a>&nbsp;&nbsp;&nbsp;OLEDDMAShowChar
<LI><a href="#[94]">&gt;&gt;</a>&nbsp;&nbsp;&nbsp;M_Pow_N
<LI><a href="#[34]">&gt;&gt;</a>&nbsp;&nbsp;&nbsp;__aeabi_uidivmod
</UL>
<BR>[Called By]<UL><LI><a href="#[86]">&gt;&gt;</a>&nbsp;&nbsp;&nbsp;KeyInputPolling
<LI><a href="#[88]">&gt;&gt;</a>&nbsp;&nbsp;&nbsp;MicStatementPolling
<LI><a href="#[5f]">&gt;&gt;</a>&nbsp;&nbsp;&nbsp;DisplayRestoreSignMode
<LI><a href="#[5e]">&gt;&gt;</a>&nbsp;&nbsp;&nbsp;DisplayRestoreSetIDMode
<LI><a href="#[58]">&gt;&gt;</a>&nbsp;&nbsp;&nbsp;DisplayMicStartTimeStatement
<LI><a href="#[79]">&gt;&gt;</a>&nbsp;&nbsp;&nbsp;HostRecvCheck
<LI><a href="#[5b]">&gt;&gt;</a>&nbsp;&nbsp;&nbsp;DisplayRestoreMeetingMode
</UL>

<P><STRONG><a name="[4a]"></a>OLEDDMAShowPic</STRONG> (Thumb, 128 bytes, Stack size 48 bytes, oled_dma.o(i.OLEDDMAShowPic))
<BR><BR>[Stack]<UL><LI>Max Depth = 52<LI>Call Chain = OLEDDMAShowPic &rArr; OLEDDMAUpdate
</UL>
<BR>[Calls]<UL><LI><a href="#[90]">&gt;&gt;</a>&nbsp;&nbsp;&nbsp;OLEDDMAUpdate
</UL>
<BR>[Called By]<UL><LI><a href="#[c2]">&gt;&gt;</a>&nbsp;&nbsp;&nbsp;WifiCoreRecvPolling
<LI><a href="#[c0]">&gt;&gt;</a>&nbsp;&nbsp;&nbsp;UsbRecvPolling
<LI><a href="#[ad]">&gt;&gt;</a>&nbsp;&nbsp;&nbsp;SystemReadAdcPolling
<LI><a href="#[86]">&gt;&gt;</a>&nbsp;&nbsp;&nbsp;KeyInputPolling
<LI><a href="#[64]">&gt;&gt;</a>&nbsp;&nbsp;&nbsp;DisplayUartError
<LI><a href="#[61]">&gt;&gt;</a>&nbsp;&nbsp;&nbsp;DisplayStartupFlash
<LI><a href="#[5a]">&gt;&gt;</a>&nbsp;&nbsp;&nbsp;DisplayPopupTimeoutPolling
<LI><a href="#[57]">&gt;&gt;</a>&nbsp;&nbsp;&nbsp;DisplayHostLose
<LI><a href="#[54]">&gt;&gt;</a>&nbsp;&nbsp;&nbsp;DisplayAPLose
<LI><a href="#[88]">&gt;&gt;</a>&nbsp;&nbsp;&nbsp;MicStatementPolling
<LI><a href="#[46]">&gt;&gt;</a>&nbsp;&nbsp;&nbsp;ClearMICFullstate
<LI><a href="#[55]">&gt;&gt;</a>&nbsp;&nbsp;&nbsp;DisplayStatusInfo
<LI><a href="#[60]">&gt;&gt;</a>&nbsp;&nbsp;&nbsp;DisplayRestoreVoteMode
<LI><a href="#[5f]">&gt;&gt;</a>&nbsp;&nbsp;&nbsp;DisplayRestoreSignMode
<LI><a href="#[5e]">&gt;&gt;</a>&nbsp;&nbsp;&nbsp;DisplayRestoreSetIDMode
<LI><a href="#[5c]">&gt;&gt;</a>&nbsp;&nbsp;&nbsp;DisplayRestoreIDRepeatMode
<LI><a href="#[58]">&gt;&gt;</a>&nbsp;&nbsp;&nbsp;DisplayMicStartTimeStatement
<LI><a href="#[79]">&gt;&gt;</a>&nbsp;&nbsp;&nbsp;HostRecvCheck
<LI><a href="#[63]">&gt;&gt;</a>&nbsp;&nbsp;&nbsp;DisplaySystemInfo
<LI><a href="#[5b]">&gt;&gt;</a>&nbsp;&nbsp;&nbsp;DisplayRestoreMeetingMode
</UL>

<P><STRONG><a name="[49]"></a>OLEDDMAShowStr</STRONG> (Thumb, 60 bytes, Stack size 20 bytes, oled_dma.o(i.OLEDDMAShowStr))
<BR><BR>[Stack]<UL><LI>Max Depth = 64<LI>Call Chain = OLEDDMAShowStr &rArr; OLEDDMAShowChar &rArr; OLEDDMAUpdate
</UL>
<BR>[Calls]<UL><LI><a href="#[93]">&gt;&gt;</a>&nbsp;&nbsp;&nbsp;OLEDDMAShowChar
</UL>
<BR>[Called By]<UL><LI><a href="#[c2]">&gt;&gt;</a>&nbsp;&nbsp;&nbsp;WifiCoreRecvPolling
<LI><a href="#[c0]">&gt;&gt;</a>&nbsp;&nbsp;&nbsp;UsbRecvPolling
<LI><a href="#[ad]">&gt;&gt;</a>&nbsp;&nbsp;&nbsp;SystemReadAdcPolling
<LI><a href="#[86]">&gt;&gt;</a>&nbsp;&nbsp;&nbsp;KeyInputPolling
<LI><a href="#[64]">&gt;&gt;</a>&nbsp;&nbsp;&nbsp;DisplayUartError
<LI><a href="#[5a]">&gt;&gt;</a>&nbsp;&nbsp;&nbsp;DisplayPopupTimeoutPolling
<LI><a href="#[57]">&gt;&gt;</a>&nbsp;&nbsp;&nbsp;DisplayHostLose
<LI><a href="#[54]">&gt;&gt;</a>&nbsp;&nbsp;&nbsp;DisplayAPLose
<LI><a href="#[88]">&gt;&gt;</a>&nbsp;&nbsp;&nbsp;MicStatementPolling
<LI><a href="#[46]">&gt;&gt;</a>&nbsp;&nbsp;&nbsp;ClearMICFullstate
<LI><a href="#[55]">&gt;&gt;</a>&nbsp;&nbsp;&nbsp;DisplayStatusInfo
<LI><a href="#[60]">&gt;&gt;</a>&nbsp;&nbsp;&nbsp;DisplayRestoreVoteMode
<LI><a href="#[5f]">&gt;&gt;</a>&nbsp;&nbsp;&nbsp;DisplayRestoreSignMode
<LI><a href="#[5e]">&gt;&gt;</a>&nbsp;&nbsp;&nbsp;DisplayRestoreSetIDMode
<LI><a href="#[5c]">&gt;&gt;</a>&nbsp;&nbsp;&nbsp;DisplayRestoreIDRepeatMode
<LI><a href="#[58]">&gt;&gt;</a>&nbsp;&nbsp;&nbsp;DisplayMicStartTimeStatement
<LI><a href="#[79]">&gt;&gt;</a>&nbsp;&nbsp;&nbsp;HostRecvCheck
<LI><a href="#[63]">&gt;&gt;</a>&nbsp;&nbsp;&nbsp;DisplaySystemInfo
<LI><a href="#[5b]">&gt;&gt;</a>&nbsp;&nbsp;&nbsp;DisplayRestoreMeetingMode
</UL>

<P><STRONG><a name="[90]"></a>OLEDDMAUpdate</STRONG> (Thumb, 32 bytes, Stack size 4 bytes, oled_dma.o(i.OLEDDMAUpdate))
<BR><BR>[Stack]<UL><LI>Max Depth = 4<LI>Call Chain = OLEDDMAUpdate
</UL>
<BR>[Calls]<UL><LI><a href="#[95]">&gt;&gt;</a>&nbsp;&nbsp;&nbsp;OLEDNegation
</UL>
<BR>[Called By]<UL><LI><a href="#[4a]">&gt;&gt;</a>&nbsp;&nbsp;&nbsp;OLEDDMAShowPic
<LI><a href="#[48]">&gt;&gt;</a>&nbsp;&nbsp;&nbsp;OLEDDMAFill
<LI><a href="#[93]">&gt;&gt;</a>&nbsp;&nbsp;&nbsp;OLEDDMAShowChar
<LI><a href="#[62]">&gt;&gt;</a>&nbsp;&nbsp;&nbsp;OLEDDMAClearPic
</UL>

<P><STRONG><a name="[96]"></a>OLEDDMAUpdateImmediately</STRONG> (Thumb, 60 bytes, Stack size 8 bytes, oled_dma.o(i.OLEDDMAUpdateImmediately))
<BR><BR>[Stack]<UL><LI>Max Depth = 8<LI>Call Chain = OLEDDMAUpdateImmediately
</UL>
<BR>[Calls]<UL><LI><a href="#[92]">&gt;&gt;</a>&nbsp;&nbsp;&nbsp;PDMA_Trigger
</UL>
<BR>[Called By]<UL><LI><a href="#[c0]">&gt;&gt;</a>&nbsp;&nbsp;&nbsp;UsbRecvPolling
<LI><a href="#[ad]">&gt;&gt;</a>&nbsp;&nbsp;&nbsp;SystemReadAdcPolling
</UL>

<P><STRONG><a name="[95]"></a>OLEDNegation</STRONG> (Thumb, 84 bytes, Stack size 0 bytes, oled_dma.o(i.OLEDNegation))
<BR><BR>[Called By]<UL><LI><a href="#[25]">&gt;&gt;</a>&nbsp;&nbsp;&nbsp;main
<LI><a href="#[90]">&gt;&gt;</a>&nbsp;&nbsp;&nbsp;OLEDDMAUpdate
</UL>

<P><STRONG><a name="[98]"></a>OLEDSpiInit</STRONG> (Thumb, 272 bytes, Stack size 8 bytes, oled_dma.o(i.OLEDSpiInit))
<BR><BR>[Stack]<UL><LI>Max Depth = 124<LI>Call Chain = OLEDSpiInit &rArr; SPI_Open &rArr; CLK_GetHCLKFreq &rArr; SystemCoreClockUpdate &rArr; CLK_GetPLLClockFreq &rArr; __aeabi_uidivmod
</UL>
<BR>[Calls]<UL><LI><a href="#[6b]">&gt;&gt;</a>&nbsp;&nbsp;&nbsp;CLK_SetModuleClock
<LI><a href="#[6a]">&gt;&gt;</a>&nbsp;&nbsp;&nbsp;CLK_EnableModuleClock
<LI><a href="#[76]">&gt;&gt;</a>&nbsp;&nbsp;&nbsp;delay_ms
<LI><a href="#[9a]">&gt;&gt;</a>&nbsp;&nbsp;&nbsp;SPI_Open
<LI><a href="#[9b]">&gt;&gt;</a>&nbsp;&nbsp;&nbsp;SPI_EnableAutoSS
<LI><a href="#[9f]">&gt;&gt;</a>&nbsp;&nbsp;&nbsp;PDMA_SetTransferMode
<LI><a href="#[9d]">&gt;&gt;</a>&nbsp;&nbsp;&nbsp;PDMA_SetTransferCnt
<LI><a href="#[9e]">&gt;&gt;</a>&nbsp;&nbsp;&nbsp;PDMA_SetTransferAddr
<LI><a href="#[9c]">&gt;&gt;</a>&nbsp;&nbsp;&nbsp;PDMA_Open
<LI><a href="#[a0]">&gt;&gt;</a>&nbsp;&nbsp;&nbsp;PDMA_EnableInt
<LI><a href="#[97]">&gt;&gt;</a>&nbsp;&nbsp;&nbsp;OLEDRegInit
<LI><a href="#[99]">&gt;&gt;</a>&nbsp;&nbsp;&nbsp;SYS_ResetModule
</UL>
<BR>[Called By]<UL><LI><a href="#[25]">&gt;&gt;</a>&nbsp;&nbsp;&nbsp;main
</UL>

<P><STRONG><a name="[a0]"></a>PDMA_EnableInt</STRONG> (Thumb, 16 bytes, Stack size 8 bytes, pdma.o(i.PDMA_EnableInt))
<BR><BR>[Stack]<UL><LI>Max Depth = 8<LI>Call Chain = PDMA_EnableInt
</UL>
<BR>[Called By]<UL><LI><a href="#[98]">&gt;&gt;</a>&nbsp;&nbsp;&nbsp;OLEDSpiInit
</UL>

<P><STRONG><a name="[20]"></a>PDMA_IRQHandler</STRONG> (Thumb, 8 bytes, Stack size 0 bytes, oled_dma.o(i.PDMA_IRQHandler))
<BR>[Address Reference Count : 1]<UL><LI> startup_nuc123.o(RESET)
</UL>
<P><STRONG><a name="[9c]"></a>PDMA_Open</STRONG> (Thumb, 14 bytes, Stack size 0 bytes, pdma.o(i.PDMA_Open))
<BR><BR>[Called By]<UL><LI><a href="#[98]">&gt;&gt;</a>&nbsp;&nbsp;&nbsp;OLEDSpiInit
</UL>

<P><STRONG><a name="[9e]"></a>PDMA_SetTransferAddr</STRONG> (Thumb, 30 bytes, Stack size 20 bytes, pdma.o(i.PDMA_SetTransferAddr))
<BR><BR>[Stack]<UL><LI>Max Depth = 20<LI>Call Chain = PDMA_SetTransferAddr
</UL>
<BR>[Called By]<UL><LI><a href="#[98]">&gt;&gt;</a>&nbsp;&nbsp;&nbsp;OLEDSpiInit
</UL>

<P><STRONG><a name="[9d]"></a>PDMA_SetTransferCnt</STRONG> (Thumb, 66 bytes, Stack size 12 bytes, pdma.o(i.PDMA_SetTransferCnt))
<BR><BR>[Stack]<UL><LI>Max Depth = 12<LI>Call Chain = PDMA_SetTransferCnt
</UL>
<BR>[Called By]<UL><LI><a href="#[98]">&gt;&gt;</a>&nbsp;&nbsp;&nbsp;OLEDSpiInit
</UL>

<P><STRONG><a name="[9f]"></a>PDMA_SetTransferMode</STRONG> (Thumb, 530 bytes, Stack size 20 bytes, pdma.o(i.PDMA_SetTransferMode))
<BR><BR>[Stack]<UL><LI>Max Depth = 28<LI>Call Chain = PDMA_SetTransferMode &rArr; __ARM_common_switch8
</UL>
<BR>[Calls]<UL><LI><a href="#[7b]">&gt;&gt;</a>&nbsp;&nbsp;&nbsp;__ARM_common_switch8
</UL>
<BR>[Called By]<UL><LI><a href="#[98]">&gt;&gt;</a>&nbsp;&nbsp;&nbsp;OLEDSpiInit
</UL>

<P><STRONG><a name="[92]"></a>PDMA_Trigger</STRONG> (Thumb, 16 bytes, Stack size 0 bytes, pdma.o(i.PDMA_Trigger))
<BR><BR>[Called By]<UL><LI><a href="#[96]">&gt;&gt;</a>&nbsp;&nbsp;&nbsp;OLEDDMAUpdateImmediately
<LI><a href="#[91]">&gt;&gt;</a>&nbsp;&nbsp;&nbsp;OLEDDMAPolling
</UL>

<P><STRONG><a name="[9b]"></a>SPI_EnableAutoSS</STRONG> (Thumb, 22 bytes, Stack size 12 bytes, spi.o(i.SPI_EnableAutoSS))
<BR><BR>[Stack]<UL><LI>Max Depth = 12<LI>Call Chain = SPI_EnableAutoSS
</UL>
<BR>[Called By]<UL><LI><a href="#[98]">&gt;&gt;</a>&nbsp;&nbsp;&nbsp;OLEDSpiInit
</UL>

<P><STRONG><a name="[9a]"></a>SPI_Open</STRONG> (Thumb, 442 bytes, Stack size 48 bytes, spi.o(i.SPI_Open))
<BR><BR>[Stack]<UL><LI>Max Depth = 116<LI>Call Chain = SPI_Open &rArr; CLK_GetHCLKFreq &rArr; SystemCoreClockUpdate &rArr; CLK_GetPLLClockFreq &rArr; __aeabi_uidivmod
</UL>
<BR>[Calls]<UL><LI><a href="#[3f]">&gt;&gt;</a>&nbsp;&nbsp;&nbsp;CLK_GetHCLKFreq
<LI><a href="#[34]">&gt;&gt;</a>&nbsp;&nbsp;&nbsp;__aeabi_uidivmod
<LI><a href="#[43]">&gt;&gt;</a>&nbsp;&nbsp;&nbsp;CLK_GetPLLClockFreq
</UL>
<BR>[Called By]<UL><LI><a href="#[98]">&gt;&gt;</a>&nbsp;&nbsp;&nbsp;OLEDSpiInit
</UL>

<P><STRONG><a name="[99]"></a>SYS_ResetModule</STRONG> (Thumb, 48 bytes, Stack size 0 bytes, sys.o(i.SYS_ResetModule))
<BR><BR>[Called By]<UL><LI><a href="#[c3]">&gt;&gt;</a>&nbsp;&nbsp;&nbsp;WifiCoreUSARTInit
<LI><a href="#[98]">&gt;&gt;</a>&nbsp;&nbsp;&nbsp;OLEDSpiInit
</UL>

<P><STRONG><a name="[a1]"></a>SendChar</STRONG> (Thumb, 12 bytes, Stack size 4 bytes, retarget.o(i.SendChar))
<BR><BR>[Stack]<UL><LI>Max Depth = 4<LI>Call Chain = SendChar
</UL>
<BR>[Calls]<UL><LI><a href="#[a2]">&gt;&gt;</a>&nbsp;&nbsp;&nbsp;SendChar_ToUART
</UL>
<BR>[Called By]<UL><LI><a href="#[2a]">&gt;&gt;</a>&nbsp;&nbsp;&nbsp;fputc
</UL>

<P><STRONG><a name="[a2]"></a>SendChar_ToUART</STRONG> (Thumb, 48 bytes, Stack size 0 bytes, retarget.o(i.SendChar_ToUART))
<BR><BR>[Called By]<UL><LI><a href="#[a1]">&gt;&gt;</a>&nbsp;&nbsp;&nbsp;SendChar
</UL>

<P><STRONG><a name="[7d]"></a>SetMicSen2WM8974</STRONG> (Thumb, 20 bytes, Stack size 8 bytes, audio_control.o(i.SetMicSen2WM8974))
<BR><BR>[Stack]<UL><LI>Max Depth = 60<LI>Call Chain = SetMicSen2WM8974 &rArr; Wm8974SetInpgaHexVolume &rArr; IIC_BUS_Write_7Bitadd_9Bitdata &rArr; IIC_Wait_Ack &rArr; IIC_Stop &rArr; delay_us
</UL>
<BR>[Calls]<UL><LI><a href="#[a3]">&gt;&gt;</a>&nbsp;&nbsp;&nbsp;Wm8974SetInpgaHexVolume
</UL>
<BR>[Called By]<UL><LI><a href="#[b1]">&gt;&gt;</a>&nbsp;&nbsp;&nbsp;Wm8974SpecialParmInit
<LI><a href="#[79]">&gt;&gt;</a>&nbsp;&nbsp;&nbsp;HostRecvCheck
</UL>

<P><STRONG><a name="[cc]"></a>SysTimerDelay</STRONG> (Thumb, 42 bytes, Stack size 0 bytes, delay.o(i.SysTimerDelay))
<BR><BR>[Called By]<UL><LI><a href="#[85]">&gt;&gt;</a>&nbsp;&nbsp;&nbsp;delay_us
<LI><a href="#[76]">&gt;&gt;</a>&nbsp;&nbsp;&nbsp;delay_ms
</UL>

<P><STRONG><a name="[a4]"></a>SystemAdcInit</STRONG> (Thumb, 196 bytes, Stack size 8 bytes, system_adc.o(i.SystemAdcInit))
<BR><BR>[Stack]<UL><LI>Max Depth = 40<LI>Call Chain = SystemAdcInit &rArr; CLK_SetModuleClock
</UL>
<BR>[Calls]<UL><LI><a href="#[6b]">&gt;&gt;</a>&nbsp;&nbsp;&nbsp;CLK_SetModuleClock
<LI><a href="#[6a]">&gt;&gt;</a>&nbsp;&nbsp;&nbsp;CLK_EnableModuleClock
<LI><a href="#[a5]">&gt;&gt;</a>&nbsp;&nbsp;&nbsp;AdcNopRuning
</UL>
<BR>[Called By]<UL><LI><a href="#[25]">&gt;&gt;</a>&nbsp;&nbsp;&nbsp;main
</UL>

<P><STRONG><a name="[a6]"></a>SystemClockInit</STRONG> (Thumb, 86 bytes, Stack size 8 bytes, main.o(i.SystemClockInit))
<BR><BR>[Stack]<UL><LI>Max Depth = 132<LI>Call Chain = SystemClockInit &rArr; CLK_SetCoreClock &rArr; CLK_EnablePLL &rArr; CLK_GetPLLClockFreq &rArr; __aeabi_uidivmod
</UL>
<BR>[Calls]<UL><LI><a href="#[3d]">&gt;&gt;</a>&nbsp;&nbsp;&nbsp;CLK_WaitClockReady
<LI><a href="#[a8]">&gt;&gt;</a>&nbsp;&nbsp;&nbsp;CLK_SetSysTickClockSrc
<LI><a href="#[45]">&gt;&gt;</a>&nbsp;&nbsp;&nbsp;CLK_SetHCLK
<LI><a href="#[44]">&gt;&gt;</a>&nbsp;&nbsp;&nbsp;CLK_SetCoreClock
<LI><a href="#[a7]">&gt;&gt;</a>&nbsp;&nbsp;&nbsp;CLK_EnableXtalRC
</UL>
<BR>[Called By]<UL><LI><a href="#[25]">&gt;&gt;</a>&nbsp;&nbsp;&nbsp;main
</UL>

<P><STRONG><a name="[a9]"></a>SystemConnectPolling</STRONG> (Thumb, 258 bytes, Stack size 8 bytes, main.o(i.SystemConnectPolling))
<BR><BR>[Stack]<UL><LI>Max Depth = 128<LI>Call Chain = SystemConnectPolling &rArr; DisplayHostLose &rArr; DisplayStatusInfo &rArr; OLEDDMAShowStr &rArr; OLEDDMAShowChar &rArr; OLEDDMAUpdate
</UL>
<BR>[Calls]<UL><LI><a href="#[77]">&gt;&gt;</a>&nbsp;&nbsp;&nbsp;HostCommandSendEnterSystem
<LI><a href="#[64]">&gt;&gt;</a>&nbsp;&nbsp;&nbsp;DisplayUartError
<LI><a href="#[61]">&gt;&gt;</a>&nbsp;&nbsp;&nbsp;DisplayStartupFlash
<LI><a href="#[57]">&gt;&gt;</a>&nbsp;&nbsp;&nbsp;DisplayHostLose
<LI><a href="#[54]">&gt;&gt;</a>&nbsp;&nbsp;&nbsp;DisplayAPLose
<LI><a href="#[7b]">&gt;&gt;</a>&nbsp;&nbsp;&nbsp;__ARM_common_switch8
<LI><a href="#[78]">&gt;&gt;</a>&nbsp;&nbsp;&nbsp;HostDisconnectDo
</UL>
<BR>[Called By]<UL><LI><a href="#[25]">&gt;&gt;</a>&nbsp;&nbsp;&nbsp;main
</UL>

<P><STRONG><a name="[40]"></a>SystemCoreClockUpdate</STRONG> (Thumb, 88 bytes, Stack size 16 bytes, system_nuc123.o(i.SystemCoreClockUpdate))
<BR><BR>[Stack]<UL><LI>Max Depth = 60<LI>Call Chain = SystemCoreClockUpdate &rArr; CLK_GetPLLClockFreq &rArr; __aeabi_uidivmod
</UL>
<BR>[Calls]<UL><LI><a href="#[41]">&gt;&gt;</a>&nbsp;&nbsp;&nbsp;CLK_GetPLLClockFreq
<LI><a href="#[34]">&gt;&gt;</a>&nbsp;&nbsp;&nbsp;__aeabi_uidivmod
</UL>
<BR>[Called By]<UL><LI><a href="#[45]">&gt;&gt;</a>&nbsp;&nbsp;&nbsp;CLK_SetHCLK
<LI><a href="#[3f]">&gt;&gt;</a>&nbsp;&nbsp;&nbsp;CLK_GetHCLKFreq
</UL>

<P><STRONG><a name="[aa]"></a>SystemGlobalInit</STRONG> (Thumb, 358 bytes, Stack size 8 bytes, main.o(i.SystemGlobalInit))
<BR><BR>[Stack]<UL><LI>Max Depth = 48<LI>Call Chain = SystemGlobalInit &rArr; DataFlashInit &rArr; DataFlashFindDataNumber_NS
</UL>
<BR>[Calls]<UL><LI><a href="#[52]">&gt;&gt;</a>&nbsp;&nbsp;&nbsp;U32_Change_U8_4
<LI><a href="#[53]">&gt;&gt;</a>&nbsp;&nbsp;&nbsp;DataFlashSave
<LI><a href="#[4e]">&gt;&gt;</a>&nbsp;&nbsp;&nbsp;DataFlashInit
<LI><a href="#[ab]">&gt;&gt;</a>&nbsp;&nbsp;&nbsp;SystemGlobalSet
<LI><a href="#[36]">&gt;&gt;</a>&nbsp;&nbsp;&nbsp;__aeabi_memset
<LI><a href="#[7f]">&gt;&gt;</a>&nbsp;&nbsp;&nbsp;__aeabi_memcpy
<LI><a href="#[56]">&gt;&gt;</a>&nbsp;&nbsp;&nbsp;__2sprintf
</UL>
<BR>[Called By]<UL><LI><a href="#[25]">&gt;&gt;</a>&nbsp;&nbsp;&nbsp;main
</UL>

<P><STRONG><a name="[ab]"></a>SystemGlobalSet</STRONG> (Thumb, 156 bytes, Stack size 8 bytes, main.o(i.SystemGlobalSet))
<BR><BR>[Stack]<UL><LI>Max Depth = 8<LI>Call Chain = SystemGlobalSet
</UL>
<BR>[Calls]<UL><LI><a href="#[ac]">&gt;&gt;</a>&nbsp;&nbsp;&nbsp;U8_4_Change_U32
</UL>
<BR>[Called By]<UL><LI><a href="#[7a]">&gt;&gt;</a>&nbsp;&nbsp;&nbsp;SystemPowerDown
<LI><a href="#[aa]">&gt;&gt;</a>&nbsp;&nbsp;&nbsp;SystemGlobalInit
</UL>

<P><STRONG><a name="[27]"></a>SystemInit</STRONG> (Thumb, 2 bytes, Stack size 0 bytes, system_nuc123.o(i.SystemInit))
<BR>[Address Reference Count : 1]<UL><LI> startup_nuc123.o(.text)
</UL>
<P><STRONG><a name="[7a]"></a>SystemPowerDown</STRONG> (Thumb, 56 bytes, Stack size 0 bytes, main.o(i.SystemPowerDown))
<BR><BR>[Stack]<UL><LI>Max Depth = 56<LI>Call Chain = SystemPowerDown &rArr; HardwordCloseMic &rArr; HostCommandSend &rArr; WifiCoreWriteByte
</UL>
<BR>[Calls]<UL><LI><a href="#[76]">&gt;&gt;</a>&nbsp;&nbsp;&nbsp;delay_ms
<LI><a href="#[8d]">&gt;&gt;</a>&nbsp;&nbsp;&nbsp;OLEDCPUSendOff
<LI><a href="#[77]">&gt;&gt;</a>&nbsp;&nbsp;&nbsp;HostCommandSendEnterSystem
<LI><a href="#[70]">&gt;&gt;</a>&nbsp;&nbsp;&nbsp;HardwordCloseMic
<LI><a href="#[53]">&gt;&gt;</a>&nbsp;&nbsp;&nbsp;DataFlashSave
<LI><a href="#[ab]">&gt;&gt;</a>&nbsp;&nbsp;&nbsp;SystemGlobalSet
</UL>
<BR>[Called By]<UL><LI><a href="#[c0]">&gt;&gt;</a>&nbsp;&nbsp;&nbsp;UsbRecvPolling
<LI><a href="#[ad]">&gt;&gt;</a>&nbsp;&nbsp;&nbsp;SystemReadAdcPolling
<LI><a href="#[86]">&gt;&gt;</a>&nbsp;&nbsp;&nbsp;KeyInputPolling
<LI><a href="#[79]">&gt;&gt;</a>&nbsp;&nbsp;&nbsp;HostRecvCheck
</UL>

<P><STRONG><a name="[ad]"></a>SystemReadAdcPolling</STRONG> (Thumb, 608 bytes, Stack size 24 bytes, system_adc.o(i.SystemReadAdcPolling))
<BR><BR>[Stack]<UL><LI>Max Depth = 92<LI>Call Chain = SystemReadAdcPolling &rArr; Wm8974SpecialParmInit &rArr; Wm8974SetEQValue &rArr; IIC_BUS_Write_7Bitadd_9Bitdata &rArr; IIC_Wait_Ack &rArr; IIC_Stop &rArr; delay_us
</UL>
<BR>[Calls]<UL><LI><a href="#[96]">&gt;&gt;</a>&nbsp;&nbsp;&nbsp;OLEDDMAUpdateImmediately
<LI><a href="#[71]">&gt;&gt;</a>&nbsp;&nbsp;&nbsp;HostCommandSend
<LI><a href="#[74]">&gt;&gt;</a>&nbsp;&nbsp;&nbsp;VoiceModeNoSignalResetTimer
<LI><a href="#[af]">&gt;&gt;</a>&nbsp;&nbsp;&nbsp;Battery_conver
<LI><a href="#[ae]">&gt;&gt;</a>&nbsp;&nbsp;&nbsp;AdcBubbleSort
<LI><a href="#[76]">&gt;&gt;</a>&nbsp;&nbsp;&nbsp;delay_ms
<LI><a href="#[b0]">&gt;&gt;</a>&nbsp;&nbsp;&nbsp;Wm8974RegisterInit
<LI><a href="#[49]">&gt;&gt;</a>&nbsp;&nbsp;&nbsp;OLEDDMAShowStr
<LI><a href="#[4a]">&gt;&gt;</a>&nbsp;&nbsp;&nbsp;OLEDDMAShowPic
<LI><a href="#[48]">&gt;&gt;</a>&nbsp;&nbsp;&nbsp;OLEDDMAFill
<LI><a href="#[70]">&gt;&gt;</a>&nbsp;&nbsp;&nbsp;HardwordCloseMic
<LI><a href="#[47]">&gt;&gt;</a>&nbsp;&nbsp;&nbsp;DisplaySetPopup
<LI><a href="#[b1]">&gt;&gt;</a>&nbsp;&nbsp;&nbsp;Wm8974SpecialParmInit
<LI><a href="#[7a]">&gt;&gt;</a>&nbsp;&nbsp;&nbsp;SystemPowerDown
</UL>
<BR>[Called By]<UL><LI><a href="#[25]">&gt;&gt;</a>&nbsp;&nbsp;&nbsp;main
</UL>

<P><STRONG><a name="[b2]"></a>SystemTimer0Init</STRONG> (Thumb, 106 bytes, Stack size 8 bytes, system_timer.o(i.SystemTimer0Init))
<BR><BR>[Stack]<UL><LI>Max Depth = 16<LI>Call Chain = SystemTimer0Init &rArr; NVIC_SetPriority
</UL>
<BR>[Calls]<UL><LI><a href="#[b3]">&gt;&gt;</a>&nbsp;&nbsp;&nbsp;NVIC_SetPriority
</UL>
<BR>[Called By]<UL><LI><a href="#[25]">&gt;&gt;</a>&nbsp;&nbsp;&nbsp;main
</UL>

<P><STRONG><a name="[e]"></a>TMR0_IRQHandler</STRONG> (Thumb, 76 bytes, Stack size 0 bytes, system_timer.o(i.TMR0_IRQHandler))
<BR>[Address Reference Count : 1]<UL><LI> startup_nuc123.o(RESET)
</UL>
<P><STRONG><a name="[52]"></a>U32_Change_U8_4</STRONG> (Thumb, 20 bytes, Stack size 0 bytes, strconv.o(i.U32_Change_U8_4))
<BR><BR>[Called By]<UL><LI><a href="#[4e]">&gt;&gt;</a>&nbsp;&nbsp;&nbsp;DataFlashInit
<LI><a href="#[aa]">&gt;&gt;</a>&nbsp;&nbsp;&nbsp;SystemGlobalInit
</UL>

<P><STRONG><a name="[ac]"></a>U8_4_Change_U32</STRONG> (Thumb, 26 bytes, Stack size 0 bytes, strconv.o(i.U8_4_Change_U32))
<BR><BR>[Called By]<UL><LI><a href="#[ab]">&gt;&gt;</a>&nbsp;&nbsp;&nbsp;SystemGlobalSet
</UL>

<P><STRONG><a name="[13]"></a>UART1_IRQHandler</STRONG> (Thumb, 210 bytes, Stack size 12 bytes, wifi_core.o(i.UART1_IRQHandler))
<BR><BR>[Stack]<UL><LI>Max Depth = 12<LI>Call Chain = UART1_IRQHandler
</UL>
<BR>[Address Reference Count : 1]<UL><LI> startup_nuc123.o(RESET)
</UL>
<P><STRONG><a name="[b4]"></a>UART_EnableInt</STRONG> (Thumb, 34 bytes, Stack size 16 bytes, uart.o(i.UART_EnableInt))
<BR><BR>[Stack]<UL><LI>Max Depth = 16<LI>Call Chain = UART_EnableInt
</UL>
<BR>[Calls]<UL><LI><a href="#[b5]">&gt;&gt;</a>&nbsp;&nbsp;&nbsp;NVIC_EnableIRQ
</UL>
<BR>[Called By]<UL><LI><a href="#[c3]">&gt;&gt;</a>&nbsp;&nbsp;&nbsp;WifiCoreUSARTInit
</UL>

<P><STRONG><a name="[b6]"></a>UART_Open</STRONG> (Thumb, 166 bytes, Stack size 48 bytes, uart.o(i.UART_Open))
<BR><BR>[Stack]<UL><LI>Max Depth = 92<LI>Call Chain = UART_Open &rArr; CLK_GetPLLClockFreq &rArr; __aeabi_uidivmod
</UL>
<BR>[Calls]<UL><LI><a href="#[34]">&gt;&gt;</a>&nbsp;&nbsp;&nbsp;__aeabi_uidivmod
<LI><a href="#[42]">&gt;&gt;</a>&nbsp;&nbsp;&nbsp;CLK_GetPLLClockFreq
</UL>
<BR>[Called By]<UL><LI><a href="#[c3]">&gt;&gt;</a>&nbsp;&nbsp;&nbsp;WifiCoreUSARTInit
</UL>

<P><STRONG><a name="[b7]"></a>USBD_CtrlIn</STRONG> (Thumb, 202 bytes, Stack size 8 bytes, usbd.o(i.USBD_CtrlIn))
<BR><BR>[Stack]<UL><LI>Max Depth = 16<LI>Call Chain = USBD_CtrlIn &rArr; USBD_MemCopy
</UL>
<BR>[Calls]<UL><LI><a href="#[b8]">&gt;&gt;</a>&nbsp;&nbsp;&nbsp;USBD_MemCopy
</UL>
<BR>[Called By]<UL><LI><a href="#[1d]">&gt;&gt;</a>&nbsp;&nbsp;&nbsp;USBD_IRQHandler
</UL>

<P><STRONG><a name="[b9]"></a>USBD_CtrlOut</STRONG> (Thumb, 76 bytes, Stack size 8 bytes, usbd.o(i.USBD_CtrlOut))
<BR><BR>[Stack]<UL><LI>Max Depth = 16<LI>Call Chain = USBD_CtrlOut &rArr; USBD_MemCopy
</UL>
<BR>[Calls]<UL><LI><a href="#[b8]">&gt;&gt;</a>&nbsp;&nbsp;&nbsp;USBD_MemCopy
</UL>
<BR>[Called By]<UL><LI><a href="#[1d]">&gt;&gt;</a>&nbsp;&nbsp;&nbsp;USBD_IRQHandler
</UL>

<P><STRONG><a name="[ba]"></a>USBD_GetDescriptor</STRONG> (Thumb, 390 bytes, Stack size 16 bytes, usbd.o(i.USBD_GetDescriptor))
<BR><BR>[Stack]<UL><LI>Max Depth = 40<LI>Call Chain = USBD_GetDescriptor &rArr; USBD_PrepareCtrlIn &rArr; USBD_MemCopy
</UL>
<BR>[Calls]<UL><LI><a href="#[bc]">&gt;&gt;</a>&nbsp;&nbsp;&nbsp;USBD_PrepareCtrlOut
<LI><a href="#[bb]">&gt;&gt;</a>&nbsp;&nbsp;&nbsp;USBD_PrepareCtrlIn
</UL>
<BR>[Called By]<UL><LI><a href="#[bf]">&gt;&gt;</a>&nbsp;&nbsp;&nbsp;USBD_StandardRequest
</UL>

<P><STRONG><a name="[67]"></a>USBD_GetSetupPacket</STRONG> (Thumb, 16 bytes, Stack size 8 bytes, usbd.o(i.USBD_GetSetupPacket))
<BR><BR>[Stack]<UL><LI>Max Depth = 16<LI>Call Chain = USBD_GetSetupPacket &rArr; USBD_MemCopy
</UL>
<BR>[Calls]<UL><LI><a href="#[b8]">&gt;&gt;</a>&nbsp;&nbsp;&nbsp;USBD_MemCopy
</UL>
<BR>[Called By]<UL><LI><a href="#[29]">&gt;&gt;</a>&nbsp;&nbsp;&nbsp;HID_ClassRequest
</UL>

<P><STRONG><a name="[1d]"></a>USBD_IRQHandler</STRONG> (Thumb, 350 bytes, Stack size 16 bytes, hid_transfer.o(i.USBD_IRQHandler))
<BR><BR>[Stack]<UL><LI>Max Depth = 80<LI>Call Chain = USBD_IRQHandler &rArr; USBD_ProcessSetupPacket &rArr; USBD_StandardRequest &rArr; USBD_GetDescriptor &rArr; USBD_PrepareCtrlIn &rArr; USBD_MemCopy
</UL>
<BR>[Calls]<UL><LI><a href="#[bd]">&gt;&gt;</a>&nbsp;&nbsp;&nbsp;USBD_SwReset
<LI><a href="#[be]">&gt;&gt;</a>&nbsp;&nbsp;&nbsp;USBD_ProcessSetupPacket
<LI><a href="#[b9]">&gt;&gt;</a>&nbsp;&nbsp;&nbsp;USBD_CtrlOut
<LI><a href="#[b7]">&gt;&gt;</a>&nbsp;&nbsp;&nbsp;USBD_CtrlIn
<LI><a href="#[65]">&gt;&gt;</a>&nbsp;&nbsp;&nbsp;EP3_Handler
</UL>
<BR>[Address Reference Count : 1]<UL><LI> startup_nuc123.o(RESET)
</UL>
<P><STRONG><a name="[6c]"></a>USBD_Open</STRONG> (Thumb, 52 bytes, Stack size 8 bytes, usbd.o(i.USBD_Open))
<BR><BR>[Stack]<UL><LI>Max Depth = 8<LI>Call Chain = USBD_Open
</UL>
<BR>[Called By]<UL><LI><a href="#[69]">&gt;&gt;</a>&nbsp;&nbsp;&nbsp;HID_Init
</UL>

<P><STRONG><a name="[bb]"></a>USBD_PrepareCtrlIn</STRONG> (Thumb, 114 bytes, Stack size 16 bytes, usbd.o(i.USBD_PrepareCtrlIn))
<BR><BR>[Stack]<UL><LI>Max Depth = 24<LI>Call Chain = USBD_PrepareCtrlIn &rArr; USBD_MemCopy
</UL>
<BR>[Calls]<UL><LI><a href="#[b8]">&gt;&gt;</a>&nbsp;&nbsp;&nbsp;USBD_MemCopy
</UL>
<BR>[Called By]<UL><LI><a href="#[ba]">&gt;&gt;</a>&nbsp;&nbsp;&nbsp;USBD_GetDescriptor
</UL>

<P><STRONG><a name="[bc]"></a>USBD_PrepareCtrlOut</STRONG> (Thumb, 24 bytes, Stack size 0 bytes, usbd.o(i.USBD_PrepareCtrlOut))
<BR><BR>[Called By]<UL><LI><a href="#[bf]">&gt;&gt;</a>&nbsp;&nbsp;&nbsp;USBD_StandardRequest
<LI><a href="#[ba]">&gt;&gt;</a>&nbsp;&nbsp;&nbsp;USBD_GetDescriptor
</UL>

<P><STRONG><a name="[be]"></a>USBD_ProcessSetupPacket</STRONG> (Thumb, 102 bytes, Stack size 8 bytes, usbd.o(i.USBD_ProcessSetupPacket))
<BR><BR>[Stack]<UL><LI>Max Depth = 64<LI>Call Chain = USBD_ProcessSetupPacket &rArr; USBD_StandardRequest &rArr; USBD_GetDescriptor &rArr; USBD_PrepareCtrlIn &rArr; USBD_MemCopy
</UL>
<BR>[Calls]<UL><LI><a href="#[bf]">&gt;&gt;</a>&nbsp;&nbsp;&nbsp;USBD_StandardRequest
<LI><a href="#[b8]">&gt;&gt;</a>&nbsp;&nbsp;&nbsp;USBD_MemCopy
</UL>
<BR>[Called By]<UL><LI><a href="#[1d]">&gt;&gt;</a>&nbsp;&nbsp;&nbsp;USBD_IRQHandler
</UL>

<P><STRONG><a name="[bf]"></a>USBD_StandardRequest</STRONG> (Thumb, 778 bytes, Stack size 16 bytes, usbd.o(i.USBD_StandardRequest))
<BR><BR>[Stack]<UL><LI>Max Depth = 56<LI>Call Chain = USBD_StandardRequest &rArr; USBD_GetDescriptor &rArr; USBD_PrepareCtrlIn &rArr; USBD_MemCopy
</UL>
<BR>[Calls]<UL><LI><a href="#[bc]">&gt;&gt;</a>&nbsp;&nbsp;&nbsp;USBD_PrepareCtrlOut
<LI><a href="#[ba]">&gt;&gt;</a>&nbsp;&nbsp;&nbsp;USBD_GetDescriptor
</UL>
<BR>[Called By]<UL><LI><a href="#[be]">&gt;&gt;</a>&nbsp;&nbsp;&nbsp;USBD_ProcessSetupPacket
</UL>

<P><STRONG><a name="[6d]"></a>USBD_Start</STRONG> (Thumb, 86 bytes, Stack size 0 bytes, usbd.o(i.USBD_Start))
<BR><BR>[Called By]<UL><LI><a href="#[69]">&gt;&gt;</a>&nbsp;&nbsp;&nbsp;HID_Init
</UL>

<P><STRONG><a name="[bd]"></a>USBD_SwReset</STRONG> (Thumb, 84 bytes, Stack size 0 bytes, usbd.o(i.USBD_SwReset))
<BR><BR>[Called By]<UL><LI><a href="#[1d]">&gt;&gt;</a>&nbsp;&nbsp;&nbsp;USBD_IRQHandler
</UL>

<P><STRONG><a name="[c0]"></a>UsbRecvPolling</STRONG> (Thumb, 206 bytes, Stack size 48 bytes, hid_transfer.o(i.UsbRecvPolling))
<BR><BR>[Stack]<UL><LI>Max Depth = 112<LI>Call Chain = UsbRecvPolling &rArr; OLEDDMAShowStr &rArr; OLEDDMAShowChar &rArr; OLEDDMAUpdate
</UL>
<BR>[Calls]<UL><LI><a href="#[96]">&gt;&gt;</a>&nbsp;&nbsp;&nbsp;OLEDDMAUpdateImmediately
<LI><a href="#[76]">&gt;&gt;</a>&nbsp;&nbsp;&nbsp;delay_ms
<LI><a href="#[49]">&gt;&gt;</a>&nbsp;&nbsp;&nbsp;OLEDDMAShowStr
<LI><a href="#[4a]">&gt;&gt;</a>&nbsp;&nbsp;&nbsp;OLEDDMAShowPic
<LI><a href="#[7a]">&gt;&gt;</a>&nbsp;&nbsp;&nbsp;SystemPowerDown
<LI><a href="#[62]">&gt;&gt;</a>&nbsp;&nbsp;&nbsp;OLEDDMAClearPic
<LI><a href="#[c1]">&gt;&gt;</a>&nbsp;&nbsp;&nbsp;UsbStringCompare
<LI><a href="#[66]">&gt;&gt;</a>&nbsp;&nbsp;&nbsp;USBD_MemCopy
<LI><a href="#[72]">&gt;&gt;</a>&nbsp;&nbsp;&nbsp;WifiCoreCommandSend
<LI><a href="#[7f]">&gt;&gt;</a>&nbsp;&nbsp;&nbsp;__aeabi_memcpy
</UL>
<BR>[Called By]<UL><LI><a href="#[25]">&gt;&gt;</a>&nbsp;&nbsp;&nbsp;main
</UL>

[...]
</UL>
<BR>[Called By]<UL><LI><a href="#[7d]">&gt;&gt;</a>&nbsp;&nbsp;&nbsp;SetMicSen2WM8974
</UL>

<P><STRONG><a name="[c6]"></a>Wm8974SetMonoVolCtrl</STRONG> (Thumb, 32 bytes, Stack size 8 bytes, wm8974.o(i.Wm8974SetMonoVolCtrl))
<BR><BR>[Stack]<UL><LI>Max Depth = 52<LI>Call Chain = Wm8974SetMonoVolCtrl &rArr; IIC_BUS_Write_7Bitadd_9Bitdata &rArr; IIC_Wait_Ack &rArr; IIC_Stop &rArr; delay_us
</UL>
<BR>[Calls]<UL><LI><a href="#[80]">&gt;&gt;</a>&nbsp;&nbsp;&nbsp;IIC_BUS_Write_7Bitadd_9Bitdata
</UL>
<BR>[Called By]<UL><LI><a href="#[b0]">&gt;&gt;</a>&nbsp;&nbsp;&nbsp;Wm8974RegisterInit
</UL>

<P><STRONG><a name="[c5]"></a>Wm8974SetSpkVolCtrl</STRONG> (Thumb, 32 bytes, Stack size 8 bytes, wm8974.o(i.Wm8974SetSpkVolCtrl))
<BR><BR>[Stack]<UL><LI>Max Depth = 52<LI>Call Chain = Wm8974SetSpkVolCtrl &rArr; IIC_BUS_Write_7Bitadd_9Bitdata &rArr; IIC_Wait_Ack &rArr; IIC_Stop &rArr; delay_us
</UL>
<BR>[Calls]<UL><LI><a href="#[80]">&gt;&gt;</a>&nbsp;&nbsp;&nbsp;IIC_BUS_Write_7Bitadd_9Bitdata
</UL>
<BR>[Called By]<UL><LI><a href="#[b0]">&gt;&gt;</a>&nbsp;&nbsp;&nbsp;Wm8974RegisterInit
</UL>

<P><STRONG><a name="[b1]"></a>Wm8974SpecialParmInit</STRONG> (Thumb, 44 bytes, Stack size 8 bytes, main.o(i.Wm8974SpecialParmInit))
<BR><BR>[Stack]<UL><LI>Max Depth = 68<LI>Call Chain = Wm8974SpecialParmInit &rArr; Wm8974SetEQValue &rArr; IIC_BUS_Write_7Bitadd_9Bitdata &rArr; IIC_Wait_Ack &rArr; IIC_Stop &rArr; delay_us
</UL>
<BR>[Calls]<UL><LI><a href="#[7c]">&gt;&gt;</a>&nbsp;&nbsp;&nbsp;Wm8974SetFilter
<LI><a href="#[7e]">&gt;&gt;</a>&nbsp;&nbsp;&nbsp;Wm8974SetEQValue
<LI><a href="#[7d]">&gt;&gt;</a>&nbsp;&nbsp;&nbsp;SetMicSen2WM8974
</UL>
<BR>[Called By]<UL><LI><a href="#[ad]">&gt;&gt;</a>&nbsp;&nbsp;&nbsp;SystemReadAdcPolling
<LI><a href="#[25]">&gt;&gt;</a>&nbsp;&nbsp;&nbsp;main
</UL>

<P><STRONG><a name="[c7]"></a>__0printf$8</STRONG> (Thumb, 24 bytes, Stack size 24 bytes, printf8.o(i.__0printf$8), UNUSED)
<BR><BR>[Calls]<UL><LI><a href="#[c8]">&gt;&gt;</a>&nbsp;&nbsp;&nbsp;_printf_core
</UL>

<P><STRONG><a name="[df]"></a>__1printf$8</STRONG> (Thumb, 0 bytes, Stack size 24 bytes, printf8.o(i.__0printf$8), UNUSED)

<P><STRONG><a name="[6e]"></a>__2printf</STRONG> (Thumb, 0 bytes, Stack size 24 bytes, printf8.o(i.__0printf$8))
<BR><BR>[Stack]<UL><LI>Max Depth = 24<LI>Call Chain = __2printf
</UL>
<BR>[Called By]<UL><LI><a href="#[26]">&gt;&gt;</a>&nbsp;&nbsp;&nbsp;Hard_Fault_Handler
<LI><a href="#[6f]">&gt;&gt;</a>&nbsp;&nbsp;&nbsp;stackDump
</UL>

<P><STRONG><a name="[c9]"></a>__0sprintf$8</STRONG> (Thumb, 36 bytes, Stack size 24 bytes, printf8.o(i.__0sprintf$8), UNUSED)
<BR><BR>[Calls]<UL><LI><a href="#[2b]">&gt;&gt;</a>&nbsp;&nbsp;&nbsp;_sputc
<LI><a href="#[c8]">&gt;&gt;</a>&nbsp;&nbsp;&nbsp;_printf_core
</UL>

<P><STRONG><a name="[e0]"></a>__1sprintf$8</STRONG> (Thumb, 0 bytes, Stack size 24 bytes, printf8.o(i.__0sprintf$8), UNUSED)

<P><STRONG><a name="[56]"></a>__2sprintf</STRONG> (Thumb, 0 bytes, Stack size 24 bytes, printf8.o(i.__0sprintf$8))
<BR><BR>[Stack]<UL><LI>Max Depth = 24<LI>Call Chain = __2sprintf
</UL>
<BR>[Called By]<UL><LI><a href="#[57]">&gt;&gt;</a>&nbsp;&nbsp;&nbsp;DisplayHostLose
<LI><a href="#[54]">&gt;&gt;</a>&nbsp;&nbsp;&nbsp;DisplayAPLose
<LI><a href="#[aa]">&gt;&gt;</a>&nbsp;&nbsp;&nbsp;SystemGlobalInit
<LI><a href="#[55]">&gt;&gt;</a>&nbsp;&nbsp;&nbsp;DisplayStatusInfo
<LI><a href="#[63]">&gt;&gt;</a>&nbsp;&nbsp;&nbsp;DisplaySystemInfo
</UL>

<P><STRONG><a name="[7b]"></a>__ARM_common_switch8</STRONG> (Thumb, 28 bytes, Stack size 8 bytes, main.o(i.__ARM_common_switch8))
<BR><BR>[Stack]<UL><LI>Max Depth = 8<LI>Call Chain = __ARM_common_switch8
</UL>
<BR>[Called By]<UL><LI><a href="#[a9]">&gt;&gt;</a>&nbsp;&nbsp;&nbsp;SystemConnectPolling
<LI><a href="#[5d]">&gt;&gt;</a>&nbsp;&nbsp;&nbsp;LedStaticControl
<LI><a href="#[9f]">&gt;&gt;</a>&nbsp;&nbsp;&nbsp;PDMA_SetTransferMode
<LI><a href="#[79]">&gt;&gt;</a>&nbsp;&nbsp;&nbsp;HostRecvCheck
</UL>

<P><STRONG><a name="[e1]"></a>__scatterload_copy</STRONG> (Thumb, 14 bytes, Stack size unknown bytes, handlers.o(i.__scatterload_copy), UNUSED)

<P><STRONG><a name="[e2]"></a>__scatterload_null</STRONG> (Thumb, 2 bytes, Stack size unknown bytes, handlers.o(i.__scatterload_null), UNUSED)

<P><STRONG><a name="[e3]"></a>__scatterload_zeroinit</STRONG> (Thumb, 14 bytes, Stack size unknown bytes, handlers.o(i.__scatterload_zeroinit), UNUSED)

<P><STRONG><a name="[76]"></a>delay_ms</STRONG> (Thumb, 22 bytes, Stack size 4 bytes, delay.o(i.delay_ms))
<BR><BR>[Stack]<UL><LI>Max Depth = 4<LI>Call Chain = delay_ms
</UL>
<BR>[Calls]<UL><LI><a href="#[cc]">&gt;&gt;</a>&nbsp;&nbsp;&nbsp;SysTimerDelay
</UL>
<BR>[Called By]<UL><LI><a href="#[71]">&gt;&gt;</a>&nbsp;&nbsp;&nbsp;HostCommandSend
<LI><a href="#[80]">&gt;&gt;</a>&nbsp;&nbsp;&nbsp;IIC_BUS_Write_7Bitadd_9Bitdata
<LI><a href="#[c0]">&gt;&gt;</a>&nbsp;&nbsp;&nbsp;UsbRecvPolling
<LI><a href="#[ad]">&gt;&gt;</a>&nbsp;&nbsp;&nbsp;SystemReadAdcPolling
<LI><a href="#[98]">&gt;&gt;</a>&nbsp;&nbsp;&nbsp;OLEDSpiInit
<LI><a href="#[7a]">&gt;&gt;</a>&nbsp;&nbsp;&nbsp;SystemPowerDown
<LI><a href="#[72]">&gt;&gt;</a>&nbsp;&nbsp;&nbsp;WifiCoreCommandSend
</UL>

<P><STRONG><a name="[85]"></a>delay_us</STRONG> (Thumb, 12 bytes, Stack size 4 bytes, delay.o(i.delay_us))
<BR><BR>[Stack]<UL><LI>Max Depth = 4<LI>Call Chain = delay_us
</UL>
<BR>[Calls]<UL><LI><a href="#[cc]">&gt;&gt;</a>&nbsp;&nbsp;&nbsp;SysTimerDelay
</UL>
<BR>[Called By]<UL><LI><a href="#[83]">&gt;&gt;</a>&nbsp;&nbsp;&nbsp;IIC_Wait_Ack
<LI><a href="#[84]">&gt;&gt;</a>&nbsp;&nbsp;&nbsp;IIC_Stop
<LI><a href="#[81]">&gt;&gt;</a>&nbsp;&nbsp;&nbsp;IIC_Start
<LI><a href="#[82]">&gt;&gt;</a>&nbsp;&nbsp;&nbsp;IIC_Send_Byte
</UL>

<P><STRONG><a name="[2a]"></a>fputc</STRONG> (Thumb, 16 bytes, Stack size 12 bytes, retarget.o(i.fputc))
<BR><BR>[Stack]<UL><LI>Max Depth = 16<LI>Call Chain = fputc &rArr; SendChar
</UL>
<BR>[Calls]<UL><LI><a href="#[a1]">&gt;&gt;</a>&nbsp;&nbsp;&nbsp;SendChar
</UL>
<BR>[Address Reference Count : 1]<UL><LI> printf8.o(i.__0printf$8)
</UL>
<P><STRONG><a name="[25]"></a>main</STRONG> (Thumb, 130 bytes, Stack size 0 bytes, main.o(i.main))
<BR><BR>[Stack]<UL><LI>Max Depth = 236<LI>Call Chain = main &rArr; WifiCoreRecvPolling &rArr; HostRecvCheck &rArr; DisplayMicStartTimeStatement &rArr; OLEDDMAShowNumFill &rArr; OLEDDMAShowChar &rArr; OLEDDMAUpdate
</UL>
<BR>[Calls]<UL><LI><a href="#[b0]">&gt;&gt;</a>&nbsp;&nbsp;&nbsp;Wm8974RegisterInit
<LI><a href="#[c3]">&gt;&gt;</a>&nbsp;&nbsp;&nbsp;WifiCoreUSARTInit
<LI><a href="#[c2]">&gt;&gt;</a>&nbsp;&nbsp;&nbsp;WifiCoreRecvPolling
<LI><a href="#[c0]">&gt;&gt;</a>&nbsp;&nbsp;&nbsp;UsbRecvPolling
<LI><a href="#[b2]">&gt;&gt;</a>&nbsp;&nbsp;&nbsp;SystemTimer0Init
<LI><a href="#[ad]">&gt;&gt;</a>&nbsp;&nbsp;&nbsp;SystemReadAdcPolling
<LI><a href="#[a4]">&gt;&gt;</a>&nbsp;&nbsp;&nbsp;SystemAdcInit
<LI><a href="#[98]">&gt;&gt;</a>&nbsp;&nbsp;&nbsp;OLEDSpiInit
<LI><a href="#[95]">&gt;&gt;</a>&nbsp;&nbsp;&nbsp;OLEDNegation
<LI><a href="#[91]">&gt;&gt;</a>&nbsp;&nbsp;&nbsp;OLEDDMAPolling
<LI><a href="#[86]">&gt;&gt;</a>&nbsp;&nbsp;&nbsp;KeyInputPolling
<LI><a href="#[69]">&gt;&gt;</a>&nbsp;&nbsp;&nbsp;HID_Init
<LI><a href="#[5a]">&gt;&gt;</a>&nbsp;&nbsp;&nbsp;DisplayPopupTimeoutPolling
<LI><a href="#[b1]">&gt;&gt;</a>&nbsp;&nbsp;&nbsp;Wm8974SpecialParmInit
<LI><a href="#[aa]">&gt;&gt;</a>&nbsp;&nbsp;&nbsp;SystemGlobalInit
<LI><a href="#[a9]">&gt;&gt;</a>&nbsp;&nbsp;&nbsp;SystemConnectPolling
<LI><a href="#[a6]">&gt;&gt;</a>&nbsp;&nbsp;&nbsp;SystemClockInit
<LI><a href="#[88]">&gt;&gt;</a>&nbsp;&nbsp;&nbsp;MicStatementPolling
<LI><a href="#[ce]">&gt;&gt;</a>&nbsp;&nbsp;&nbsp;LedFlashPolling
<LI><a href="#[cd]">&gt;&gt;</a>&nbsp;&nbsp;&nbsp;GpioNormalInit
<LI><a href="#[46]">&gt;&gt;</a>&nbsp;&nbsp;&nbsp;ClearMICFullstate
</UL>
<BR>[Address Reference Count : 1]<UL><LI> entry9a.o(.ARM.Collect$$$$0000000B)
</UL><P>
<H3>
Local Symbols
</H3>
<P><STRONG><a name="[41]"></a>CLK_GetPLLClockFreq</STRONG> (Thumb, 112 bytes, Stack size 32 bytes, system_nuc123.o(i.CLK_GetPLLClockFreq))
<BR><BR>[Stack]<UL><LI>Max Depth = 44<LI>Call Chain = CLK_GetPLLClockFreq &rArr; __aeabi_uidivmod
</UL>
<BR>[Calls]<UL><LI><a href="#[34]">&gt;&gt;</a>&nbsp;&nbsp;&nbsp;__aeabi_uidivmod
</UL>
<BR>[Called By]<UL><LI><a href="#[40]">&gt;&gt;</a>&nbsp;&nbsp;&nbsp;SystemCoreClockUpdate
</UL>

<P><STRONG><a name="[d]"></a>Default_Handler</STRONG> (Thumb, 2 bytes, Stack size 0 bytes, startup_nuc123.o(.text))
<BR><BR>[Calls]<UL><LI><a href="#[d]">&gt;&gt;</a>&nbsp;&nbsp;&nbsp;Default_Handler
</UL>
<BR>[Called By]<UL><LI><a href="#[d]">&gt;&gt;</a>&nbsp;&nbsp;&nbsp;Default_Handler
</UL>
<BR>[Address Reference Count : 1]<UL><LI> startup_nuc123.o(RESET)
</UL>
<P><STRONG><a name="[2c]"></a>WM8974_SCK</STRONG> (Thumb, 6 bytes, Stack size 0 bytes, wm8974.o(i.WM8974_SCK))
<BR>[Address Reference Count : 1]<UL><LI> wm8974.o(.data)
</UL>
<P><STRONG><a name="[2f]"></a>WM8974_SDA_Mode</STRONG> (Thumb, 40 bytes, Stack size 0 bytes, wm8974.o(i.WM8974_SDA_Mode))
<BR>[Address Reference Count : 1]<UL><LI> wm8974.o(.data)
</UL>
<P><STRONG><a name="[2e]"></a>WM8974_SDI</STRONG> (Thumb, 8 bytes, Stack size 0 bytes, wm8974.o(i.WM8974_SDI))
<BR>[Address Reference Count : 1]<UL><LI> wm8974.o(.data)
</UL>
<P><STRONG><a name="[2d]"></a>WM8974_SDO</STRONG> (Thumb, 6 bytes, Stack size 0 bytes, wm8974.o(i.WM8974_SDO))
<BR>[Address Reference Count : 1]<UL><LI> wm8974.o(.data)
</UL>
<P><STRONG><a name="[4c]"></a>FMC_Read</STRONG> (Thumb, 48 bytes, Stack size 0 bytes, dataflash.o(i.FMC_Read))
<BR><BR>[Called By]<UL><LI><a href="#[50]">&gt;&gt;</a>&nbsp;&nbsp;&nbsp;DataFlashRead_NS
<LI><a href="#[4b]">&gt;&gt;</a>&nbsp;&nbsp;&nbsp;DataFlashFindDataNumber_NS
</UL>

<P><STRONG><a name="[51]"></a>FMC_ReadUID</STRONG> (Thumb, 48 bytes, Stack size 0 bytes, dataflash.o(i.FMC_ReadUID))
<BR><BR>[Called By]<UL><LI><a href="#[4e]">&gt;&gt;</a>&nbsp;&nbsp;&nbsp;DataFlashInit
</UL>

<P><STRONG><a name="[4f]"></a>SYS_UnlockReg</STRONG> (Thumb, 26 bytes, Stack size 0 bytes, dataflash.o(i.SYS_UnlockReg))
<BR><BR>[Called By]<UL><LI><a href="#[53]">&gt;&gt;</a>&nbsp;&nbsp;&nbsp;DataFlashSave
<LI><a href="#[4e]">&gt;&gt;</a>&nbsp;&nbsp;&nbsp;DataFlashInit
</UL>

<P><STRONG><a name="[b3]"></a>NVIC_SetPriority</STRONG> (Thumb, 110 bytes, Stack size 8 bytes, system_timer.o(i.NVIC_SetPriority))
<BR><BR>[Stack]<UL><LI>Max Depth = 8<LI>Call Chain = NVIC_SetPriority
</UL>
<BR>[Called By]<UL><LI><a href="#[b2]">&gt;&gt;</a>&nbsp;&nbsp;&nbsp;SystemTimer0Init
</UL>

<P><STRONG><a name="[87]"></a>keyInputGet</STRONG> (Thumb, 200 bytes, Stack size 8 bytes, key.o(i.keyInputGet))
<BR><BR>[Stack]<UL><LI>Max Depth = 8<LI>Call Chain = keyInputGet
</UL>
<BR>[Called By]<UL><LI><a href="#[86]">&gt;&gt;</a>&nbsp;&nbsp;&nbsp;KeyInputPolling
</UL>

<P><STRONG><a name="[66]"></a>USBD_MemCopy</STRONG> (Thumb, 22 bytes, Stack size 8 bytes, hid_transfer.o(i.USBD_MemCopy))
<BR><BR>[Stack]<UL><LI>Max Depth = 8<LI>Call Chain = USBD_MemCopy
</UL>
<BR>[Called By]<UL><LI><a href="#[c0]">&gt;&gt;</a>&nbsp;&nbsp;&nbsp;UsbRecvPolling
<LI><a href="#[65]">&gt;&gt;</a>&nbsp;&nbsp;&nbsp;EP3_Handler
</UL>

<P><STRONG><a name="[68]"></a>USBD_SetStall</STRONG> (Thumb, 50 bytes, Stack size 12 bytes, hid_transfer.o(i.USBD_SetStall))
<BR><BR>[Stack]<UL><LI>Max Depth = 12<LI>Call Chain = USBD_SetStall
</UL>
<BR>[Called By]<UL><LI><a href="#[29]">&gt;&gt;</a>&nbsp;&nbsp;&nbsp;HID_ClassRequest
</UL>

<P><STRONG><a name="[79]"></a>HostRecvCheck</STRONG> (Thumb, 3708 bytes, Stack size 72 bytes, wifi_core.o(i.HostRecvCheck))
<BR><BR>[Stack]<UL><LI>Max Depth = 180<LI>Call Chain = HostRecvCheck &rArr; DisplayMicStartTimeStatement &rArr; OLEDDMAShowNumFill &rArr; OLEDDMAShowChar &rArr; OLEDDMAUpdate
</UL>
<BR>[Calls]<UL><LI><a href="#[71]">&gt;&gt;</a>&nbsp;&nbsp;&nbsp;HostCommandSend
<LI><a href="#[74]">&gt;&gt;</a>&nbsp;&nbsp;&nbsp;VoiceModeNoSignalResetTimer
<LI><a href="#[7c]">&gt;&gt;</a>&nbsp;&nbsp;&nbsp;Wm8974SetFilter
<LI><a href="#[7e]">&gt;&gt;</a>&nbsp;&nbsp;&nbsp;Wm8974SetEQValue
<LI><a href="#[7d]">&gt;&gt;</a>&nbsp;&nbsp;&nbsp;SetMicSen2WM8974
<LI><a href="#[49]">&gt;&gt;</a>&nbsp;&nbsp;&nbsp;OLEDDMAShowStr
<LI><a href="#[4a]">&gt;&gt;</a>&nbsp;&nbsp;&nbsp;OLEDDMAShowPic
<LI><a href="#[59]">&gt;&gt;</a>&nbsp;&nbsp;&nbsp;OLEDDMAShowNumFill
<LI><a href="#[48]">&gt;&gt;</a>&nbsp;&nbsp;&nbsp;OLEDDMAFill
<LI><a href="#[70]">&gt;&gt;</a>&nbsp;&nbsp;&nbsp;HardwordCloseMic
<LI><a href="#[47]">&gt;&gt;</a>&nbsp;&nbsp;&nbsp;DisplaySetPopup
<LI><a href="#[7b]">&gt;&gt;</a>&nbsp;&nbsp;&nbsp;__ARM_common_switch8
<LI><a href="#[7a]">&gt;&gt;</a>&nbsp;&nbsp;&nbsp;SystemPowerDown
<LI><a href="#[5d]">&gt;&gt;</a>&nbsp;&nbsp;&nbsp;LedStaticControl
<LI><a href="#[78]">&gt;&gt;</a>&nbsp;&nbsp;&nbsp;HostDisconnectDo
<LI><a href="#[55]">&gt;&gt;</a>&nbsp;&nbsp;&nbsp;DisplayStatusInfo
<LI><a href="#[60]">&gt;&gt;</a>&nbsp;&nbsp;&nbsp;DisplayRestoreVoteMode
<LI><a href="#[5f]">&gt;&gt;</a>&nbsp;&nbsp;&nbsp;DisplayRestoreSignMode
<LI><a href="#[5e]">&gt;&gt;</a>&nbsp;&nbsp;&nbsp;DisplayRestoreSetIDMode
<LI><a href="#[5c]">&gt;&gt;</a>&nbsp;&nbsp;&nbsp;DisplayRestoreIDRepeatMode
<LI><a href="#[58]">&gt;&gt;</a>&nbsp;&nbsp;&nbsp;DisplayMicStartTimeStatement
<LI><a href="#[5b]">&gt;&gt;</a>&nbsp;&nbsp;&nbsp;DisplayRestoreMeetingMode
<LI><a href="#[72]">&gt;&gt;</a>&nbsp;&nbsp;&nbsp;WifiCoreCommandSend
<LI><a href="#[73]">&gt;&gt;</a>&nbsp;&nbsp;&nbsp;HardwordOpenMic
<LI><a href="#[36]">&gt;&gt;</a>&nbsp;&nbsp;&nbsp;__aeabi_memset
<LI><a href="#[7f]">&gt;&gt;</a>&nbsp;&nbsp;&nbsp;__aeabi_memcpy
<LI><a href="#[33]">&gt;&gt;</a>&nbsp;&nbsp;&nbsp;__aeabi_idivmod
</UL>
<BR>[Called By]<UL><LI><a href="#[c2]">&gt;&gt;</a>&nbsp;&nbsp;&nbsp;WifiCoreRecvPolling
</UL>

<P><STRONG><a name="[c4]"></a>NVIC_SetPriority</STRONG> (Thumb, 110 bytes, Stack size 8 bytes, wifi_core.o(i.NVIC_SetPriority))
<BR><BR>[Stack]<UL><LI>Max Depth = 8<LI>Call Chain = NVIC_SetPriority
</UL>
<BR>[Called By]<UL><LI><a href="#[c3]">&gt;&gt;</a>&nbsp;&nbsp;&nbsp;WifiCoreUSARTInit
</UL>

<P><STRONG><a name="[89]"></a>OLEDCPUClear</STRONG> (Thumb, 42 bytes, Stack size 8 bytes, oled_dma.o(i.OLEDCPUClear))
<BR><BR>[Stack]<UL><LI>Max Depth = 24<LI>Call Chain = OLEDCPUClear &rArr; OLEDCPUSetPage
</UL>
<BR>[Calls]<UL><LI><a href="#[8b]">&gt;&gt;</a>&nbsp;&nbsp;&nbsp;OLEDCPUSetPage
<LI><a href="#[8a]">&gt;&gt;</a>&nbsp;&nbsp;&nbsp;OLEDCPUSetCol
<LI><a href="#[8c]">&gt;&gt;</a>&nbsp;&nbsp;&nbsp;OLEDCPUSendDat
</UL>
<BR>[Called By]<UL><LI><a href="#[97]">&gt;&gt;</a>&nbsp;&nbsp;&nbsp;OLEDRegInit
</UL>

<P><STRONG><a name="[8e]"></a>OLEDCPUSendCmd</STRONG> (Thumb, 52 bytes, Stack size 0 bytes, oled_dma.o(i.OLEDCPUSendCmd))
<BR><BR>[Called By]<UL><LI><a href="#[8d]">&gt;&gt;</a>&nbsp;&nbsp;&nbsp;OLEDCPUSendOff
<LI><a href="#[97]">&gt;&gt;</a>&nbsp;&nbsp;&nbsp;OLEDRegInit
<LI><a href="#[8b]">&gt;&gt;</a>&nbsp;&nbsp;&nbsp;OLEDCPUSetPage
<LI><a href="#[8a]">&gt;&gt;</a>&nbsp;&nbsp;&nbsp;OLEDCPUSetCol
</UL>

<P><STRONG><a name="[8c]"></a>OLEDCPUSendDat</STRONG> (Thumb, 54 bytes, Stack size 0 bytes, oled_dma.o(i.OLEDCPUSendDat))
<BR><BR>[Called By]<UL><LI><a href="#[89]">&gt;&gt;</a>&nbsp;&nbsp;&nbsp;OLEDCPUClear
</UL>

<P><STRONG><a name="[8a]"></a>OLEDCPUSetCol</STRONG> (Thumb, 26 bytes, Stack size 16 bytes, oled_dma.o(i.OLEDCPUSetCol))
<BR><BR>[Stack]<UL><LI>Max Depth = 16<LI>Call Chain = OLEDCPUSetCol
</UL>
<BR>[Calls]<UL><LI><a href="#[8e]">&gt;&gt;</a>&nbsp;&nbsp;&nbsp;OLEDCPUSendCmd
</UL>
<BR>[Called By]<UL><LI><a href="#[89]">&gt;&gt;</a>&nbsp;&nbsp;&nbsp;OLEDCPUClear
</UL>

<P><STRONG><a name="[8b]"></a>OLEDCPUSetPage</STRONG> (Thumb, 26 bytes, Stack size 16 bytes, oled_dma.o(i.OLEDCPUSetPage))
<BR><BR>[Stack]<UL><LI>Max Depth = 16<LI>Call Chain = OLEDCPUSetPage
</UL>
<BR>[Calls]<UL><LI><a href="#[8e]">&gt;&gt;</a>&nbsp;&nbsp;&nbsp;OLEDCPUSendCmd
</UL>
<BR>[Called By]<UL><LI><a href="#[89]">&gt;&gt;</a>&nbsp;&nbsp;&nbsp;OLEDCPUClear
</UL>

<P><STRONG><a name="[97]"></a>OLEDRegInit</STRONG> (Thumb, 152 bytes, Stack size 8 bytes, oled_dma.o(i.OLEDRegInit))
<BR><BR>[Stack]<UL><LI>Max Depth = 32<LI>Call Chain = OLEDRegInit &rArr; OLEDCPUClear &rArr; OLEDCPUSetPage
</UL>
<BR>[Calls]<UL><LI><a href="#[8e]">&gt;&gt;</a>&nbsp;&nbsp;&nbsp;OLEDCPUSendCmd
<LI><a href="#[89]">&gt;&gt;</a>&nbsp;&nbsp;&nbsp;OLEDCPUClear
</UL>
<BR>[Called By]<UL><LI><a href="#[98]">&gt;&gt;</a>&nbsp;&nbsp;&nbsp;OLEDSpiInit
</UL>

<P><STRONG><a name="[3e]"></a>CLK_GetPLLClockFreq</STRONG> (Thumb, 112 bytes, Stack size 32 bytes, clk.o(i.CLK_GetPLLClockFreq))
<BR><BR>[Stack]<UL><LI>Max Depth = 44<LI>Call Chain = CLK_GetPLLClockFreq &rArr; __aeabi_uidivmod
</UL>
<BR>[Calls]<UL><LI><a href="#[34]">&gt;&gt;</a>&nbsp;&nbsp;&nbsp;__aeabi_uidivmod
</UL>
<BR>[Called By]<UL><LI><a href="#[3c]">&gt;&gt;</a>&nbsp;&nbsp;&nbsp;CLK_EnablePLL
</UL>

<P><STRONG><a name="[6f]"></a>stackDump</STRONG> (Thumb, 70 bytes, Stack size 8 bytes, retarget.o(i.stackDump))
<BR><BR>[Stack]<UL><LI>Max Depth = 32<LI>Call Chain = stackDump &rArr; __2printf
</UL>
<BR>[Calls]<UL><LI><a href="#[6e]">&gt;&gt;</a>&nbsp;&nbsp;&nbsp;__2printf
</UL>
<BR>[Called By]<UL><LI><a href="#[26]">&gt;&gt;</a>&nbsp;&nbsp;&nbsp;Hard_Fault_Handler
</UL>

<P><STRONG><a name="[42]"></a>CLK_GetPLLClockFreq</STRONG> (Thumb, 112 bytes, Stack size 32 bytes, uart.o(i.CLK_GetPLLClockFreq))
<BR><BR>[Stack]<UL><LI>Max Depth = 44<LI>Call Chain = CLK_GetPLLClockFreq &rArr; __aeabi_uidivmod
</UL>
<BR>[Calls]<UL><LI><a href="#[34]">&gt;&gt;</a>&nbsp;&nbsp;&nbsp;__aeabi_uidivmod
</UL>
<BR>[Called By]<UL><LI><a href="#[b6]">&gt;&gt;</a>&nbsp;&nbsp;&nbsp;UART_Open
</UL>

<P><STRONG><a name="[b5]"></a>NVIC_EnableIRQ</STRONG> (Thumb, 14 bytes, Stack size 0 bytes, uart.o(i.NVIC_EnableIRQ))
<BR><BR>[Called By]<UL><LI><a href="#[b4]">&gt;&gt;</a>&nbsp;&nbsp;&nbsp;UART_EnableInt
</UL>

<P><STRONG><a name="[b8]"></a>USBD_MemCopy</STRONG> (Thumb, 22 bytes, Stack size 8 bytes, usbd.o(i.USBD_MemCopy))
<BR><BR>[Stack]<UL><LI>Max Depth = 8<LI>Call Chain = USBD_MemCopy
</UL>
<BR>[Called By]<UL><LI><a href="#[be]">&gt;&gt;</a>&nbsp;&nbsp;&nbsp;USBD_ProcessSetupPacket
<LI><a href="#[67]">&gt;&gt;</a>&nbsp;&nbsp;&nbsp;USBD_GetSetupPacket
<LI><a href="#[b9]">&gt;&gt;</a>&nbsp;&nbsp;&nbsp;USBD_CtrlOut
<LI><a href="#[b7]">&gt;&gt;</a>&nbsp;&nbsp;&nbsp;USBD_CtrlIn
<LI><a href="#[bb]">&gt;&gt;</a>&nbsp;&nbsp;&nbsp;USBD_PrepareCtrlIn
</UL>

<P><STRONG><a name="[43]"></a>CLK_GetPLLClockFreq</STRONG> (Thumb, 112 bytes, Stack size 32 bytes, spi.o(i.CLK_GetPLLClockFreq))
<BR><BR>[Stack]<UL><LI>Max Depth = 44<LI>Call Chain = CLK_GetPLLClockFreq &rArr; __aeabi_uidivmod
</UL>
<BR>[Calls]<UL><LI><a href="#[34]">&gt;&gt;</a>&nbsp;&nbsp;&nbsp;__aeabi_uidivmod
</UL>
<BR>[Called By]<UL><LI><a href="#[9a]">&gt;&gt;</a>&nbsp;&nbsp;&nbsp;SPI_Open
</UL>

<P><STRONG><a name="[c8]"></a>_printf_core</STRONG> (Thumb, 1020 bytes, Stack size 104 bytes, printf8.o(i._printf_core), UNUSED)
<BR><BR>[Calls]<UL><LI><a href="#[38]">&gt;&gt;</a>&nbsp;&nbsp;&nbsp;__aeabi_uldivmod
<LI><a href="#[ca]">&gt;&gt;</a>&nbsp;&nbsp;&nbsp;_printf_pre_padding
<LI><a href="#[cb]">&gt;&gt;</a>&nbsp;&nbsp;&nbsp;_printf_post_padding
</UL>
<BR>[Called By]<UL><LI><a href="#[c9]">&gt;&gt;</a>&nbsp;&nbsp;&nbsp;__0sprintf$8
<LI><a href="#[c7]">&gt;&gt;</a>&nbsp;&nbsp;&nbsp;__0printf$8
</UL>

<P><STRONG><a name="[cb]"></a>_printf_post_padding</STRONG> (Thumb, 32 bytes, Stack size 24 bytes, printf8.o(i._printf_post_padding), UNUSED)
<BR><BR>[Called By]<UL><LI><a href="#[c8]">&gt;&gt;</a>&nbsp;&nbsp;&nbsp;_printf_core
</UL>

<P><STRONG><a name="[ca]"></a>_printf_pre_padding</STRONG> (Thumb, 44 bytes, Stack size 40 bytes, printf8.o(i._printf_pre_padding), UNUSED)
<BR><BR>[Called By]<UL><LI><a href="#[c8]">&gt;&gt;</a>&nbsp;&nbsp;&nbsp;_printf_core
</UL>

<P><STRONG><a name="[2b]"></a>_sputc</STRONG> (Thumb, 10 bytes, Stack size 0 bytes, printf8.o(i._sputc))
<BR><BR>[Called By]<UL><LI><a href="#[c9]">&gt;&gt;</a>&nbsp;&nbsp;&nbsp;__0sprintf$8
</UL>
<BR>[Address Reference Count : 1]<UL><LI> printf8.o(i.__0sprintf$8)
</UL><P>
<H3>
Undefined Global Symbols
</H3><HR></body></html>
